Archive member included to satisfy reference by file (symbol)

C:\Users\PASCAL~1\Desktop\MECHAT~1\STOPWA~1\MS_timer\STOPWA~1\STOPWA~1\ARDUIN~1\Debug\libArduinoCore.a(main.o)
                              C:/Program Files (x86)/Atmel/Studio/7.0/Packs/atmel/ATmega_DFP/1.2.209/gcc/dev/atmega328p/avr5/crtatmega328p.o (main)
C:\Users\PASCAL~1\Desktop\MECHAT~1\STOPWA~1\MS_timer\STOPWA~1\STOPWA~1\ARDUIN~1\Debug\libArduinoCore.a(WInterrupts.o)
                              Sketch.o (attachInterrupt)
C:\Users\PASCAL~1\Desktop\MECHAT~1\STOPWA~1\MS_timer\STOPWA~1\STOPWA~1\ARDUIN~1\Debug\libArduinoCore.a(wiring.o)
                              Sketch.o (delay)
C:\Users\PASCAL~1\Desktop\MECHAT~1\STOPWA~1\MS_timer\STOPWA~1\STOPWA~1\ARDUIN~1\Debug\libArduinoCore.a(wiring_digital.o)
                              Sketch.o (pinMode)
C:\Users\PASCAL~1\Desktop\MECHAT~1\STOPWA~1\MS_timer\STOPWA~1\STOPWA~1\ARDUIN~1\Debug\libArduinoCore.a(hooks.o)
                              C:\Users\PASCAL~1\Desktop\MECHAT~1\STOPWA~1\MS_timer\STOPWA~1\STOPWA~1\ARDUIN~1\Debug\libArduinoCore.a(wiring.o) (yield)
c:/program files (x86)/atmel/studio/7.0/toolchain/avr8/avr8-gnu-toolchain/bin/../lib/gcc/avr/5.4.0/avr5\libgcc.a(_divmodhi4.o)
                              Sketch.o (__divmodhi4)
c:/program files (x86)/atmel/studio/7.0/toolchain/avr8/avr8-gnu-toolchain/bin/../lib/gcc/avr/5.4.0/avr5\libgcc.a(_exit.o)
                              C:/Program Files (x86)/Atmel/Studio/7.0/Packs/atmel/ATmega_DFP/1.2.209/gcc/dev/atmega328p/avr5/crtatmega328p.o (exit)
c:/program files (x86)/atmel/studio/7.0/toolchain/avr8/avr8-gnu-toolchain/bin/../lib/gcc/avr/5.4.0/avr5\libgcc.a(_copy_data.o)
                              Sketch.o (__do_copy_data)
c:/program files (x86)/atmel/studio/7.0/toolchain/avr8/avr8-gnu-toolchain/bin/../lib/gcc/avr/5.4.0/avr5\libgcc.a(_clear_bss.o)
                              Sketch.o (__do_clear_bss)
c:/program files (x86)/atmel/studio/7.0/toolchain/avr8/avr8-gnu-toolchain/bin/../lib/gcc/avr/5.4.0/avr5\libgcc.a(_udivmodhi4.o)
                              c:/program files (x86)/atmel/studio/7.0/toolchain/avr8/avr8-gnu-toolchain/bin/../lib/gcc/avr/5.4.0/avr5\libgcc.a(_divmodhi4.o) (__udivmodhi4)

Discarded input sections

 .data          0x00000000        0x0 C:/Program Files (x86)/Atmel/Studio/7.0/Packs/atmel/ATmega_DFP/1.2.209/gcc/dev/atmega328p/avr5/crtatmega328p.o
 .bss           0x00000000        0x0 C:/Program Files (x86)/Atmel/Studio/7.0/Packs/atmel/ATmega_DFP/1.2.209/gcc/dev/atmega328p/avr5/crtatmega328p.o
 .text          0x00000000        0x0 Sketch.o
 .data          0x00000000        0x0 Sketch.o
 .bss           0x00000000        0x0 Sketch.o
 .bss.c4        0x00000000        0x1 Sketch.o
 .text          0x00000000        0x0 C:\Users\PASCAL~1\Desktop\MECHAT~1\STOPWA~1\MS_timer\STOPWA~1\STOPWA~1\ARDUIN~1\Debug\libArduinoCore.a(main.o)
 .data          0x00000000        0x0 C:\Users\PASCAL~1\Desktop\MECHAT~1\STOPWA~1\MS_timer\STOPWA~1\STOPWA~1\ARDUIN~1\Debug\libArduinoCore.a(main.o)
 .bss           0x00000000        0x0 C:\Users\PASCAL~1\Desktop\MECHAT~1\STOPWA~1\MS_timer\STOPWA~1\STOPWA~1\ARDUIN~1\Debug\libArduinoCore.a(main.o)
 .text.atexit   0x00000000        0x6 C:\Users\PASCAL~1\Desktop\MECHAT~1\STOPWA~1\MS_timer\STOPWA~1\STOPWA~1\ARDUIN~1\Debug\libArduinoCore.a(main.o)
 .text._Z8setupUSBv
                0x00000000        0x2 C:\Users\PASCAL~1\Desktop\MECHAT~1\STOPWA~1\MS_timer\STOPWA~1\STOPWA~1\ARDUIN~1\Debug\libArduinoCore.a(main.o)
 .text          0x00000000        0x0 C:\Users\PASCAL~1\Desktop\MECHAT~1\STOPWA~1\MS_timer\STOPWA~1\STOPWA~1\ARDUIN~1\Debug\libArduinoCore.a(WInterrupts.o)
 .data          0x00000000        0x0 C:\Users\PASCAL~1\Desktop\MECHAT~1\STOPWA~1\MS_timer\STOPWA~1\STOPWA~1\ARDUIN~1\Debug\libArduinoCore.a(WInterrupts.o)
 .bss           0x00000000        0x0 C:\Users\PASCAL~1\Desktop\MECHAT~1\STOPWA~1\MS_timer\STOPWA~1\STOPWA~1\ARDUIN~1\Debug\libArduinoCore.a(WInterrupts.o)
 .text.detachInterrupt
                0x00000000       0x24 C:\Users\PASCAL~1\Desktop\MECHAT~1\STOPWA~1\MS_timer\STOPWA~1\STOPWA~1\ARDUIN~1\Debug\libArduinoCore.a(WInterrupts.o)
 .text          0x00000000        0x0 C:\Users\PASCAL~1\Desktop\MECHAT~1\STOPWA~1\MS_timer\STOPWA~1\STOPWA~1\ARDUIN~1\Debug\libArduinoCore.a(wiring.o)
 .data          0x00000000        0x0 C:\Users\PASCAL~1\Desktop\MECHAT~1\STOPWA~1\MS_timer\STOPWA~1\STOPWA~1\ARDUIN~1\Debug\libArduinoCore.a(wiring.o)
 .bss           0x00000000        0x0 C:\Users\PASCAL~1\Desktop\MECHAT~1\STOPWA~1\MS_timer\STOPWA~1\STOPWA~1\ARDUIN~1\Debug\libArduinoCore.a(wiring.o)
 .text.millis   0x00000000       0x18 C:\Users\PASCAL~1\Desktop\MECHAT~1\STOPWA~1\MS_timer\STOPWA~1\STOPWA~1\ARDUIN~1\Debug\libArduinoCore.a(wiring.o)
 .text.delayMicroseconds
                0x00000000       0x16 C:\Users\PASCAL~1\Desktop\MECHAT~1\STOPWA~1\MS_timer\STOPWA~1\STOPWA~1\ARDUIN~1\Debug\libArduinoCore.a(wiring.o)
 .text          0x00000000        0x0 C:\Users\PASCAL~1\Desktop\MECHAT~1\STOPWA~1\MS_timer\STOPWA~1\STOPWA~1\ARDUIN~1\Debug\libArduinoCore.a(wiring_digital.o)
 .data          0x00000000        0x0 C:\Users\PASCAL~1\Desktop\MECHAT~1\STOPWA~1\MS_timer\STOPWA~1\STOPWA~1\ARDUIN~1\Debug\libArduinoCore.a(wiring_digital.o)
 .bss           0x00000000        0x0 C:\Users\PASCAL~1\Desktop\MECHAT~1\STOPWA~1\MS_timer\STOPWA~1\STOPWA~1\ARDUIN~1\Debug\libArduinoCore.a(wiring_digital.o)
 .text.digitalRead
                0x00000000       0x52 C:\Users\PASCAL~1\Desktop\MECHAT~1\STOPWA~1\MS_timer\STOPWA~1\STOPWA~1\ARDUIN~1\Debug\libArduinoCore.a(wiring_digital.o)
 .progmem.data.port_to_input_PGM
                0x00000000        0xa C:\Users\PASCAL~1\Desktop\MECHAT~1\STOPWA~1\MS_timer\STOPWA~1\STOPWA~1\ARDUIN~1\Debug\libArduinoCore.a(wiring_digital.o)
 .text          0x00000000        0x0 C:\Users\PASCAL~1\Desktop\MECHAT~1\STOPWA~1\MS_timer\STOPWA~1\STOPWA~1\ARDUIN~1\Debug\libArduinoCore.a(hooks.o)
 .data          0x00000000        0x0 C:\Users\PASCAL~1\Desktop\MECHAT~1\STOPWA~1\MS_timer\STOPWA~1\STOPWA~1\ARDUIN~1\Debug\libArduinoCore.a(hooks.o)
 .bss           0x00000000        0x0 C:\Users\PASCAL~1\Desktop\MECHAT~1\STOPWA~1\MS_timer\STOPWA~1\STOPWA~1\ARDUIN~1\Debug\libArduinoCore.a(hooks.o)
 .text          0x00000000        0x0 c:/program files (x86)/atmel/studio/7.0/toolchain/avr8/avr8-gnu-toolchain/bin/../lib/gcc/avr/5.4.0/avr5\libgcc.a(_divmodhi4.o)
 .data          0x00000000        0x0 c:/program files (x86)/atmel/studio/7.0/toolchain/avr8/avr8-gnu-toolchain/bin/../lib/gcc/avr/5.4.0/avr5\libgcc.a(_divmodhi4.o)
 .bss           0x00000000        0x0 c:/program files (x86)/atmel/studio/7.0/toolchain/avr8/avr8-gnu-toolchain/bin/../lib/gcc/avr/5.4.0/avr5\libgcc.a(_divmodhi4.o)
 .text.libgcc.mul
                0x00000000        0x0 c:/program files (x86)/atmel/studio/7.0/toolchain/avr8/avr8-gnu-toolchain/bin/../lib/gcc/avr/5.4.0/avr5\libgcc.a(_divmodhi4.o)
 .text.libgcc   0x00000000        0x0 c:/program files (x86)/atmel/studio/7.0/toolchain/avr8/avr8-gnu-toolchain/bin/../lib/gcc/avr/5.4.0/avr5\libgcc.a(_divmodhi4.o)
 .text.libgcc.prologue
                0x00000000        0x0 c:/program files (x86)/atmel/studio/7.0/toolchain/avr8/avr8-gnu-toolchain/bin/../lib/gcc/avr/5.4.0/avr5\libgcc.a(_divmodhi4.o)
 .text.libgcc.builtins
                0x00000000        0x0 c:/program files (x86)/atmel/studio/7.0/toolchain/avr8/avr8-gnu-toolchain/bin/../lib/gcc/avr/5.4.0/avr5\libgcc.a(_divmodhi4.o)
 .text.libgcc.fmul
                0x00000000        0x0 c:/program files (x86)/atmel/studio/7.0/toolchain/avr8/avr8-gnu-toolchain/bin/../lib/gcc/avr/5.4.0/avr5\libgcc.a(_divmodhi4.o)
 .text.libgcc.fixed
                0x00000000        0x0 c:/program files (x86)/atmel/studio/7.0/toolchain/avr8/avr8-gnu-toolchain/bin/../lib/gcc/avr/5.4.0/avr5\libgcc.a(_divmodhi4.o)
 .text          0x00000000        0x0 c:/program files (x86)/atmel/studio/7.0/toolchain/avr8/avr8-gnu-toolchain/bin/../lib/gcc/avr/5.4.0/avr5\libgcc.a(_exit.o)
 .data          0x00000000        0x0 c:/program files (x86)/atmel/studio/7.0/toolchain/avr8/avr8-gnu-toolchain/bin/../lib/gcc/avr/5.4.0/avr5\libgcc.a(_exit.o)
 .bss           0x00000000        0x0 c:/program files (x86)/atmel/studio/7.0/toolchain/avr8/avr8-gnu-toolchain/bin/../lib/gcc/avr/5.4.0/avr5\libgcc.a(_exit.o)
 .text.libgcc.mul
                0x00000000        0x0 c:/program files (x86)/atmel/studio/7.0/toolchain/avr8/avr8-gnu-toolchain/bin/../lib/gcc/avr/5.4.0/avr5\libgcc.a(_exit.o)
 .text.libgcc.div
                0x00000000        0x0 c:/program files (x86)/atmel/studio/7.0/toolchain/avr8/avr8-gnu-toolchain/bin/../lib/gcc/avr/5.4.0/avr5\libgcc.a(_exit.o)
 .text.libgcc   0x00000000        0x0 c:/program files (x86)/atmel/studio/7.0/toolchain/avr8/avr8-gnu-toolchain/bin/../lib/gcc/avr/5.4.0/avr5\libgcc.a(_exit.o)
 .text.libgcc.prologue
                0x00000000        0x0 c:/program files (x86)/atmel/studio/7.0/toolchain/avr8/avr8-gnu-toolchain/bin/../lib/gcc/avr/5.4.0/avr5\libgcc.a(_exit.o)
 .text.libgcc.builtins
                0x00000000        0x0 c:/program files (x86)/atmel/studio/7.0/toolchain/avr8/avr8-gnu-toolchain/bin/../lib/gcc/avr/5.4.0/avr5\libgcc.a(_exit.o)
 .text.libgcc.fmul
                0x00000000        0x0 c:/program files (x86)/atmel/studio/7.0/toolchain/avr8/avr8-gnu-toolchain/bin/../lib/gcc/avr/5.4.0/avr5\libgcc.a(_exit.o)
 .text.libgcc.fixed
                0x00000000        0x0 c:/program files (x86)/atmel/studio/7.0/toolchain/avr8/avr8-gnu-toolchain/bin/../lib/gcc/avr/5.4.0/avr5\libgcc.a(_exit.o)
 .text          0x00000000        0x0 c:/program files (x86)/atmel/studio/7.0/toolchain/avr8/avr8-gnu-toolchain/bin/../lib/gcc/avr/5.4.0/avr5\libgcc.a(_copy_data.o)
 .data          0x00000000        0x0 c:/program files (x86)/atmel/studio/7.0/toolchain/avr8/avr8-gnu-toolchain/bin/../lib/gcc/avr/5.4.0/avr5\libgcc.a(_copy_data.o)
 .bss           0x00000000        0x0 c:/program files (x86)/atmel/studio/7.0/toolchain/avr8/avr8-gnu-toolchain/bin/../lib/gcc/avr/5.4.0/avr5\libgcc.a(_copy_data.o)
 .text.libgcc.mul
                0x00000000        0x0 c:/program files (x86)/atmel/studio/7.0/toolchain/avr8/avr8-gnu-toolchain/bin/../lib/gcc/avr/5.4.0/avr5\libgcc.a(_copy_data.o)
 .text.libgcc.div
                0x00000000        0x0 c:/program files (x86)/atmel/studio/7.0/toolchain/avr8/avr8-gnu-toolchain/bin/../lib/gcc/avr/5.4.0/avr5\libgcc.a(_copy_data.o)
 .text.libgcc   0x00000000        0x0 c:/program files (x86)/atmel/studio/7.0/toolchain/avr8/avr8-gnu-toolchain/bin/../lib/gcc/avr/5.4.0/avr5\libgcc.a(_copy_data.o)
 .text.libgcc.prologue
                0x00000000        0x0 c:/program files (x86)/atmel/studio/7.0/toolchain/avr8/avr8-gnu-toolchain/bin/../lib/gcc/avr/5.4.0/avr5\libgcc.a(_copy_data.o)
 .text.libgcc.builtins
                0x00000000        0x0 c:/program files (x86)/atmel/studio/7.0/toolchain/avr8/avr8-gnu-toolchain/bin/../lib/gcc/avr/5.4.0/avr5\libgcc.a(_copy_data.o)
 .text.libgcc.fmul
                0x00000000        0x0 c:/program files (x86)/atmel/studio/7.0/toolchain/avr8/avr8-gnu-toolchain/bin/../lib/gcc/avr/5.4.0/avr5\libgcc.a(_copy_data.o)
 .text.libgcc.fixed
                0x00000000        0x0 c:/program files (x86)/atmel/studio/7.0/toolchain/avr8/avr8-gnu-toolchain/bin/../lib/gcc/avr/5.4.0/avr5\libgcc.a(_copy_data.o)
 .text          0x00000000        0x0 c:/program files (x86)/atmel/studio/7.0/toolchain/avr8/avr8-gnu-toolchain/bin/../lib/gcc/avr/5.4.0/avr5\libgcc.a(_clear_bss.o)
 .data          0x00000000        0x0 c:/program files (x86)/atmel/studio/7.0/toolchain/avr8/avr8-gnu-toolchain/bin/../lib/gcc/avr/5.4.0/avr5\libgcc.a(_clear_bss.o)
 .bss           0x00000000        0x0 c:/program files (x86)/atmel/studio/7.0/toolchain/avr8/avr8-gnu-toolchain/bin/../lib/gcc/avr/5.4.0/avr5\libgcc.a(_clear_bss.o)
 .text.libgcc.mul
                0x00000000        0x0 c:/program files (x86)/atmel/studio/7.0/toolchain/avr8/avr8-gnu-toolchain/bin/../lib/gcc/avr/5.4.0/avr5\libgcc.a(_clear_bss.o)
 .text.libgcc.div
                0x00000000        0x0 c:/program files (x86)/atmel/studio/7.0/toolchain/avr8/avr8-gnu-toolchain/bin/../lib/gcc/avr/5.4.0/avr5\libgcc.a(_clear_bss.o)
 .text.libgcc   0x00000000        0x0 c:/program files (x86)/atmel/studio/7.0/toolchain/avr8/avr8-gnu-toolchain/bin/../lib/gcc/avr/5.4.0/avr5\libgcc.a(_clear_bss.o)
 .text.libgcc.prologue
                0x00000000        0x0 c:/program files (x86)/atmel/studio/7.0/toolchain/avr8/avr8-gnu-toolchain/bin/../lib/gcc/avr/5.4.0/avr5\libgcc.a(_clear_bss.o)
 .text.libgcc.builtins
                0x00000000        0x0 c:/program files (x86)/atmel/studio/7.0/toolchain/avr8/avr8-gnu-toolchain/bin/../lib/gcc/avr/5.4.0/avr5\libgcc.a(_clear_bss.o)
 .text.libgcc.fmul
                0x00000000        0x0 c:/program files (x86)/atmel/studio/7.0/toolchain/avr8/avr8-gnu-toolchain/bin/../lib/gcc/avr/5.4.0/avr5\libgcc.a(_clear_bss.o)
 .text.libgcc.fixed
                0x00000000        0x0 c:/program files (x86)/atmel/studio/7.0/toolchain/avr8/avr8-gnu-toolchain/bin/../lib/gcc/avr/5.4.0/avr5\libgcc.a(_clear_bss.o)
 .text          0x00000000        0x0 c:/program files (x86)/atmel/studio/7.0/toolchain/avr8/avr8-gnu-toolchain/bin/../lib/gcc/avr/5.4.0/avr5\libgcc.a(_udivmodhi4.o)
 .data          0x00000000        0x0 c:/program files (x86)/atmel/studio/7.0/toolchain/avr8/avr8-gnu-toolchain/bin/../lib/gcc/avr/5.4.0/avr5\libgcc.a(_udivmodhi4.o)
 .bss           0x00000000        0x0 c:/program files (x86)/atmel/studio/7.0/toolchain/avr8/avr8-gnu-toolchain/bin/../lib/gcc/avr/5.4.0/avr5\libgcc.a(_udivmodhi4.o)
 .text.libgcc.mul
                0x00000000        0x0 c:/program files (x86)/atmel/studio/7.0/toolchain/avr8/avr8-gnu-toolchain/bin/../lib/gcc/avr/5.4.0/avr5\libgcc.a(_udivmodhi4.o)
 .text.libgcc   0x00000000        0x0 c:/program files (x86)/atmel/studio/7.0/toolchain/avr8/avr8-gnu-toolchain/bin/../lib/gcc/avr/5.4.0/avr5\libgcc.a(_udivmodhi4.o)
 .text.libgcc.prologue
                0x00000000        0x0 c:/program files (x86)/atmel/studio/7.0/toolchain/avr8/avr8-gnu-toolchain/bin/../lib/gcc/avr/5.4.0/avr5\libgcc.a(_udivmodhi4.o)
 .text.libgcc.builtins
                0x00000000        0x0 c:/program files (x86)/atmel/studio/7.0/toolchain/avr8/avr8-gnu-toolchain/bin/../lib/gcc/avr/5.4.0/avr5\libgcc.a(_udivmodhi4.o)
 .text.libgcc.fmul
                0x00000000        0x0 c:/program files (x86)/atmel/studio/7.0/toolchain/avr8/avr8-gnu-toolchain/bin/../lib/gcc/avr/5.4.0/avr5\libgcc.a(_udivmodhi4.o)
 .text.libgcc.fixed
                0x00000000        0x0 c:/program files (x86)/atmel/studio/7.0/toolchain/avr8/avr8-gnu-toolchain/bin/../lib/gcc/avr/5.4.0/avr5\libgcc.a(_udivmodhi4.o)

Memory Configuration

Name             Origin             Length             Attributes
text             0x00000000         0x00020000         xr
data             0x00800060         0x0000ffa0         rw !x
eeprom           0x00810000         0x00010000         rw !x
fuse             0x00820000         0x00000003         rw !x
lock             0x00830000         0x00000400         rw !x
signature        0x00840000         0x00000400         rw !x
user_signatures  0x00850000         0x00000400         rw !x
*default*        0x00000000         0xffffffff

Linker script and memory map

Address of section .data set to 0x800100
LOAD C:/Program Files (x86)/Atmel/Studio/7.0/Packs/atmel/ATmega_DFP/1.2.209/gcc/dev/atmega328p/avr5/crtatmega328p.o
LOAD Sketch.o
START GROUP
LOAD c:/program files (x86)/atmel/studio/7.0/toolchain/avr8/avr8-gnu-toolchain/bin/../lib/gcc/avr/5.4.0/../../../../avr/lib/avr5\libm.a
LOAD C:\Users\PASCAL~1\Desktop\MECHAT~1\STOPWA~1\MS_timer\STOPWA~1\STOPWA~1\ARDUIN~1\Debug\libArduinoCore.a
END GROUP
LOAD c:/program files (x86)/atmel/studio/7.0/toolchain/avr8/avr8-gnu-toolchain/bin/../lib/gcc/avr/5.4.0/avr5\libgcc.a
LOAD c:/program files (x86)/atmel/studio/7.0/toolchain/avr8/avr8-gnu-toolchain/bin/../lib/gcc/avr/5.4.0/../../../../avr/lib/avr5\libm.a
START GROUP
LOAD c:/program files (x86)/atmel/studio/7.0/toolchain/avr8/avr8-gnu-toolchain/bin/../lib/gcc/avr/5.4.0/avr5\libgcc.a
LOAD c:/program files (x86)/atmel/studio/7.0/toolchain/avr8/avr8-gnu-toolchain/bin/../lib/gcc/avr/5.4.0/../../../../avr/lib/avr5\libm.a
LOAD c:/program files (x86)/atmel/studio/7.0/toolchain/avr8/avr8-gnu-toolchain/bin/../lib/gcc/avr/5.4.0/../../../../avr/lib/avr5\libc.a
LOAD C:/Program Files (x86)/Atmel/Studio/7.0/Packs/atmel/ATmega_DFP/1.2.209/gcc/dev/atmega328p/avr5\libatmega328p.a
END GROUP
                0x00020000                __TEXT_REGION_LENGTH__ = DEFINED (__TEXT_REGION_LENGTH__)?__TEXT_REGION_LENGTH__:0x20000
                0x0000ffa0                __DATA_REGION_LENGTH__ = DEFINED (__DATA_REGION_LENGTH__)?__DATA_REGION_LENGTH__:0xffa0
                0x00010000                __EEPROM_REGION_LENGTH__ = DEFINED (__EEPROM_REGION_LENGTH__)?__EEPROM_REGION_LENGTH__:0x10000
                [0x00000003]                __FUSE_REGION_LENGTH__ = DEFINED (__FUSE_REGION_LENGTH__)?__FUSE_REGION_LENGTH__:0x400
                0x00000400                __LOCK_REGION_LENGTH__ = DEFINED (__LOCK_REGION_LENGTH__)?__LOCK_REGION_LENGTH__:0x400
                0x00000400                __SIGNATURE_REGION_LENGTH__ = DEFINED (__SIGNATURE_REGION_LENGTH__)?__SIGNATURE_REGION_LENGTH__:0x400
                0x00000400                __USER_SIGNATURE_REGION_LENGTH__ = DEFINED (__USER_SIGNATURE_REGION_LENGTH__)?__USER_SIGNATURE_REGION_LENGTH__:0x400

.hash
 *(.hash)

.dynsym
 *(.dynsym)

.dynstr
 *(.dynstr)

.gnu.version
 *(.gnu.version)

.gnu.version_d
 *(.gnu.version_d)

.gnu.version_r
 *(.gnu.version_r)

.rel.init
 *(.rel.init)

.rela.init
 *(.rela.init)

.rel.text
 *(.rel.text)
 *(.rel.text.*)
 *(.rel.gnu.linkonce.t*)

.rela.text
 *(.rela.text)
 *(.rela.text.*)
 *(.rela.gnu.linkonce.t*)

.rel.fini
 *(.rel.fini)

.rela.fini
 *(.rela.fini)

.rel.rodata
 *(.rel.rodata)
 *(.rel.rodata.*)
 *(.rel.gnu.linkonce.r*)

.rela.rodata
 *(.rela.rodata)
 *(.rela.rodata.*)
 *(.rela.gnu.linkonce.r*)

.rel.data
 *(.rel.data)
 *(.rel.data.*)
 *(.rel.gnu.linkonce.d*)

.rela.data
 *(.rela.data)
 *(.rela.data.*)
 *(.rela.gnu.linkonce.d*)

.rel.ctors
 *(.rel.ctors)

.rela.ctors
 *(.rela.ctors)

.rel.dtors
 *(.rel.dtors)

.rela.dtors
 *(.rela.dtors)

.rel.got
 *(.rel.got)

.rela.got
 *(.rela.got)

.rel.bss
 *(.rel.bss)

.rela.bss
 *(.rela.bss)

.rel.plt
 *(.rel.plt)

.rela.plt
 *(.rela.plt)

.text           0x00000000      0xb0a
 *(.vectors)
 .vectors       0x00000000       0x68 C:/Program Files (x86)/Atmel/Studio/7.0/Packs/atmel/ATmega_DFP/1.2.209/gcc/dev/atmega328p/avr5/crtatmega328p.o
                0x00000000                __vector_default
                0x00000000                __vectors
 *(.vectors)
 *(.progmem.gcc*)
                0x00000068                . = ALIGN (0x2)
                0x00000068                __trampolines_start = .
 *(.trampolines)
 .trampolines   0x00000068        0x0 linker stubs
 *(.trampolines*)
                0x00000068                __trampolines_end = .
 *libprintf_flt.a:*(.progmem.data)
 *libc.a:*(.progmem.data)
 *(.progmem*)
 .progmem.data.digital_pin_to_timer_PGM
                0x00000068       0x14 C:\Users\PASCAL~1\Desktop\MECHAT~1\STOPWA~1\MS_timer\STOPWA~1\STOPWA~1\ARDUIN~1\Debug\libArduinoCore.a(wiring_digital.o)
                0x00000068                digital_pin_to_timer_PGM
 .progmem.data.digital_pin_to_bit_mask_PGM
                0x0000007c       0x14 C:\Users\PASCAL~1\Desktop\MECHAT~1\STOPWA~1\MS_timer\STOPWA~1\STOPWA~1\ARDUIN~1\Debug\libArduinoCore.a(wiring_digital.o)
                0x0000007c                digital_pin_to_bit_mask_PGM
 .progmem.data.digital_pin_to_port_PGM
                0x00000090       0x14 C:\Users\PASCAL~1\Desktop\MECHAT~1\STOPWA~1\MS_timer\STOPWA~1\STOPWA~1\ARDUIN~1\Debug\libArduinoCore.a(wiring_digital.o)
                0x00000090                digital_pin_to_port_PGM
 .progmem.data.port_to_output_PGM
                0x000000a4        0xa C:\Users\PASCAL~1\Desktop\MECHAT~1\STOPWA~1\MS_timer\STOPWA~1\STOPWA~1\ARDUIN~1\Debug\libArduinoCore.a(wiring_digital.o)
                0x000000a4                port_to_output_PGM
 .progmem.data.port_to_mode_PGM
                0x000000ae        0xa C:\Users\PASCAL~1\Desktop\MECHAT~1\STOPWA~1\MS_timer\STOPWA~1\STOPWA~1\ARDUIN~1\Debug\libArduinoCore.a(wiring_digital.o)
                0x000000ae                port_to_mode_PGM
                0x000000b8                . = ALIGN (0x2)
 *(.jumptables)
 *(.jumptables*)
 *(.lowtext)
 *(.lowtext*)
                0x000000b8                __ctors_start = .
 *(.ctors)
                0x000000b8                __ctors_end = .
                0x000000b8                __dtors_start = .
 *(.dtors)
                0x000000b8                __dtors_end = .
 SORT(*)(.ctors)
 SORT(*)(.dtors)
 *(.init0)
 .init0         0x000000b8        0x0 C:/Program Files (x86)/Atmel/Studio/7.0/Packs/atmel/ATmega_DFP/1.2.209/gcc/dev/atmega328p/avr5/crtatmega328p.o
                0x000000b8                __init
 *(.init0)
 *(.init1)
 *(.init1)
 *(.init2)
 .init2         0x000000b8        0xc C:/Program Files (x86)/Atmel/Studio/7.0/Packs/atmel/ATmega_DFP/1.2.209/gcc/dev/atmega328p/avr5/crtatmega328p.o
 *(.init2)
 *(.init3)
 *(.init3)
 *(.init4)
 .init4         0x000000c4       0x16 c:/program files (x86)/atmel/studio/7.0/toolchain/avr8/avr8-gnu-toolchain/bin/../lib/gcc/avr/5.4.0/avr5\libgcc.a(_copy_data.o)
                0x000000c4                __do_copy_data
 .init4         0x000000da       0x10 c:/program files (x86)/atmel/studio/7.0/toolchain/avr8/avr8-gnu-toolchain/bin/../lib/gcc/avr/5.4.0/avr5\libgcc.a(_clear_bss.o)
                0x000000da                __do_clear_bss
 *(.init4)
 *(.init5)
 *(.init5)
 *(.init6)
 *(.init6)
 *(.init7)
 *(.init7)
 *(.init8)
 *(.init8)
 *(.init9)
 .init9         0x000000ea        0x8 C:/Program Files (x86)/Atmel/Studio/7.0/Packs/atmel/ATmega_DFP/1.2.209/gcc/dev/atmega328p/avr5/crtatmega328p.o
 *(.init9)
 *(.text)
 .text          0x000000f2        0x4 C:/Program Files (x86)/Atmel/Studio/7.0/Packs/atmel/ATmega_DFP/1.2.209/gcc/dev/atmega328p/avr5/crtatmega328p.o
                0x000000f2                __vector_22
                0x000000f2                __vector_24
                0x000000f2                __vector_12
                0x000000f2                __bad_interrupt
                0x000000f2                __vector_6
                0x000000f2                __vector_3
                0x000000f2                __vector_23
                0x000000f2                __vector_25
                0x000000f2                __vector_13
                0x000000f2                __vector_17
                0x000000f2                __vector_19
                0x000000f2                __vector_7
                0x000000f2                __vector_5
                0x000000f2                __vector_4
                0x000000f2                __vector_9
                0x000000f2                __vector_21
                0x000000f2                __vector_15
                0x000000f2                __vector_8
                0x000000f2                __vector_14
                0x000000f2                __vector_10
                0x000000f2                __vector_18
                0x000000f2                __vector_20
                0x000000f6                . = ALIGN (0x2)
 *(.text.*)
 .text._Z11stateChangev
                0x000000f6       0x1e Sketch.o
                0x000000f6                _Z11stateChangev
 .text.__vector_11
                0x00000114      0x12e Sketch.o
                0x00000114                __vector_11
 .text.setup    0x00000242       0xea Sketch.o
                0x00000242                setup
 .text._Z4dispii
                0x0000032c      0x306 Sketch.o
                0x0000032c                _Z4dispii
 .text.loop     0x00000632       0x90 Sketch.o
                0x00000632                loop
 .text.initVariant
                0x000006c2        0x2 C:\Users\PASCAL~1\Desktop\MECHAT~1\STOPWA~1\MS_timer\STOPWA~1\STOPWA~1\ARDUIN~1\Debug\libArduinoCore.a(main.o)
                0x000006c2                initVariant
 .text.startup.main
                0x000006c4       0x1e C:\Users\PASCAL~1\Desktop\MECHAT~1\STOPWA~1\MS_timer\STOPWA~1\STOPWA~1\ARDUIN~1\Debug\libArduinoCore.a(main.o)
                0x000006c4                main
 .text.nothing  0x000006e2        0x2 C:\Users\PASCAL~1\Desktop\MECHAT~1\STOPWA~1\MS_timer\STOPWA~1\STOPWA~1\ARDUIN~1\Debug\libArduinoCore.a(WInterrupts.o)
 .text.attachInterrupt
                0x000006e4       0x40 C:\Users\PASCAL~1\Desktop\MECHAT~1\STOPWA~1\MS_timer\STOPWA~1\STOPWA~1\ARDUIN~1\Debug\libArduinoCore.a(WInterrupts.o)
                0x000006e4                attachInterrupt
 .text.__vector_1
                0x00000724       0x4e C:\Users\PASCAL~1\Desktop\MECHAT~1\STOPWA~1\MS_timer\STOPWA~1\STOPWA~1\ARDUIN~1\Debug\libArduinoCore.a(WInterrupts.o)
                0x00000724                __vector_1
 .text.__vector_2
                0x00000772       0x4e C:\Users\PASCAL~1\Desktop\MECHAT~1\STOPWA~1\MS_timer\STOPWA~1\STOPWA~1\ARDUIN~1\Debug\libArduinoCore.a(WInterrupts.o)
                0x00000772                __vector_2
 .text.__vector_16
                0x000007c0       0x94 C:\Users\PASCAL~1\Desktop\MECHAT~1\STOPWA~1\MS_timer\STOPWA~1\STOPWA~1\ARDUIN~1\Debug\libArduinoCore.a(wiring.o)
                0x000007c0                __vector_16
 .text.micros   0x00000854       0x4a C:\Users\PASCAL~1\Desktop\MECHAT~1\STOPWA~1\MS_timer\STOPWA~1\STOPWA~1\ARDUIN~1\Debug\libArduinoCore.a(wiring.o)
                0x00000854                micros
 .text.delay    0x0000089e       0x78 C:\Users\PASCAL~1\Desktop\MECHAT~1\STOPWA~1\MS_timer\STOPWA~1\STOPWA~1\ARDUIN~1\Debug\libArduinoCore.a(wiring.o)
                0x0000089e                delay
 .text.init     0x00000916       0x76 C:\Users\PASCAL~1\Desktop\MECHAT~1\STOPWA~1\MS_timer\STOPWA~1\STOPWA~1\ARDUIN~1\Debug\libArduinoCore.a(wiring.o)
                0x00000916                init
 .text.turnOffPWM
                0x0000098c       0x52 C:\Users\PASCAL~1\Desktop\MECHAT~1\STOPWA~1\MS_timer\STOPWA~1\STOPWA~1\ARDUIN~1\Debug\libArduinoCore.a(wiring_digital.o)
 .text.pinMode  0x000009de       0x78 C:\Users\PASCAL~1\Desktop\MECHAT~1\STOPWA~1\MS_timer\STOPWA~1\STOPWA~1\ARDUIN~1\Debug\libArduinoCore.a(wiring_digital.o)
                0x000009de                pinMode
 .text.digitalWrite
                0x00000a56       0x5e C:\Users\PASCAL~1\Desktop\MECHAT~1\STOPWA~1\MS_timer\STOPWA~1\STOPWA~1\ARDUIN~1\Debug\libArduinoCore.a(wiring_digital.o)
                0x00000a56                digitalWrite
 .text.__empty  0x00000ab4        0x2 C:\Users\PASCAL~1\Desktop\MECHAT~1\STOPWA~1\MS_timer\STOPWA~1\STOPWA~1\ARDUIN~1\Debug\libArduinoCore.a(hooks.o)
                0x00000ab4                yield
 .text.libgcc.div
                0x00000ab6       0x28 c:/program files (x86)/atmel/studio/7.0/toolchain/avr8/avr8-gnu-toolchain/bin/../lib/gcc/avr/5.4.0/avr5\libgcc.a(_divmodhi4.o)
                0x00000ab6                _div
                0x00000ab6                __divmodhi4
 .text.libgcc.div
                0x00000ade       0x28 c:/program files (x86)/atmel/studio/7.0/toolchain/avr8/avr8-gnu-toolchain/bin/../lib/gcc/avr/5.4.0/avr5\libgcc.a(_udivmodhi4.o)
                0x00000ade                __udivmodhi4
                0x00000b06                . = ALIGN (0x2)
 *(.fini9)
 .fini9         0x00000b06        0x0 c:/program files (x86)/atmel/studio/7.0/toolchain/avr8/avr8-gnu-toolchain/bin/../lib/gcc/avr/5.4.0/avr5\libgcc.a(_exit.o)
                0x00000b06                _exit
                0x00000b06                exit
 *(.fini9)
 *(.fini8)
 *(.fini8)
 *(.fini7)
 *(.fini7)
 *(.fini6)
 *(.fini6)
 *(.fini5)
 *(.fini5)
 *(.fini4)
 *(.fini4)
 *(.fini3)
 *(.fini3)
 *(.fini2)
 *(.fini2)
 *(.fini1)
 *(.fini1)
 *(.fini0)
 .fini0         0x00000b06        0x4 c:/program files (x86)/atmel/studio/7.0/toolchain/avr8/avr8-gnu-toolchain/bin/../lib/gcc/avr/5.4.0/avr5\libgcc.a(_exit.o)
 *(.fini0)
                0x00000b0a                _etext = .

.data           0x00800100       0x1e load address 0x00000b0a
                0x00800100                PROVIDE (__data_start, .)
 *(.data)
 *(.data*)
 .data.timedelay
                0x00800100        0x2 Sketch.o
                0x00800100                timedelay
 .data.pinD4    0x00800102        0x2 Sketch.o
                0x00800102                pinD4
 .data.pinD3    0x00800104        0x2 Sketch.o
                0x00800104                pinD3
 .data.pinD2    0x00800106        0x2 Sketch.o
                0x00800106                pinD2
 .data.pinD1    0x00800108        0x2 Sketch.o
                0x00800108                pinD1
 .data.pinG     0x0080010a        0x2 Sketch.o
                0x0080010a                pinG
 .data.pinF     0x0080010c        0x2 Sketch.o
                0x0080010c                pinF
 .data.pinE     0x0080010e        0x2 Sketch.o
                0x0080010e                pinE
 .data.pinD     0x00800110        0x2 Sketch.o
                0x00800110                pinD
 .data.pinC     0x00800112        0x2 Sketch.o
                0x00800112                pinC
 .data.pinB     0x00800114        0x2 Sketch.o
                0x00800114                pinB
 .data.pinA     0x00800116        0x2 Sketch.o
                0x00800116                pinA
 .data.pbIn     0x00800118        0x2 Sketch.o
                0x00800118                pbIn
 .data.intFunc  0x0080011a        0x4 C:\Users\PASCAL~1\Desktop\MECHAT~1\STOPWA~1\MS_timer\STOPWA~1\STOPWA~1\ARDUIN~1\Debug\libArduinoCore.a(WInterrupts.o)
 *(.gnu.linkonce.d*)
 *(.rodata)
 *(.rodata*)
 *(.gnu.linkonce.r*)
                0x0080011e                . = ALIGN (0x2)
                0x0080011e                _edata = .
                0x0080011e                PROVIDE (__data_end, .)

.bss            0x0080011e       0x20
                0x0080011e                PROVIDE (__bss_start, .)
 *(.bss)
 *(.bss*)
 .bss.ones      0x0080011e        0x2 Sketch.o
                0x0080011e                ones
 .bss.twos      0x00800120        0x2 Sketch.o
                0x00800120                twos
 .bss.tens      0x00800122        0x2 Sketch.o
                0x00800122                tens
 .bss.huns      0x00800124        0x2 Sketch.o
                0x00800124                huns
 .bss.c3        0x00800126        0x1 Sketch.o
                0x00800126                c3
 .bss.c2        0x00800127        0x1 Sketch.o
                0x00800127                c2
 .bss.c1        0x00800128        0x1 Sketch.o
                0x00800128                c1
 .bss.l         0x00800129        0x2 Sketch.o
                0x00800129                l
 .bss.k         0x0080012b        0x2 Sketch.o
                0x0080012b                k
 .bss.j         0x0080012d        0x2 Sketch.o
                0x0080012d                j
 .bss.i         0x0080012f        0x2 Sketch.o
                0x0080012f                i
 .bss.pinDecimal
                0x00800131        0x2 Sketch.o
                0x00800131                pinDecimal
 .bss.state     0x00800133        0x2 Sketch.o
                0x00800133                state
 .bss.timer0_fract
                0x00800135        0x1 C:\Users\PASCAL~1\Desktop\MECHAT~1\STOPWA~1\MS_timer\STOPWA~1\STOPWA~1\ARDUIN~1\Debug\libArduinoCore.a(wiring.o)
 .bss.timer0_millis
                0x00800136        0x4 C:\Users\PASCAL~1\Desktop\MECHAT~1\STOPWA~1\MS_timer\STOPWA~1\STOPWA~1\ARDUIN~1\Debug\libArduinoCore.a(wiring.o)
                0x00800136                timer0_millis
 .bss.timer0_overflow_count
                0x0080013a        0x4 C:\Users\PASCAL~1\Desktop\MECHAT~1\STOPWA~1\MS_timer\STOPWA~1\STOPWA~1\ARDUIN~1\Debug\libArduinoCore.a(wiring.o)
                0x0080013a                timer0_overflow_count
 *(COMMON)
                0x0080013e                PROVIDE (__bss_end, .)
                0x00000b0a                __data_load_start = LOADADDR (.data)
                0x00000b28                __data_load_end = (__data_load_start + SIZEOF (.data))

.noinit         0x0080013e        0x0
                [!provide]                PROVIDE (__noinit_start, .)
 *(.noinit*)
                [!provide]                PROVIDE (__noinit_end, .)
                0x0080013e                _end = .
                [!provide]                PROVIDE (__heap_start, .)

.eeprom         0x00810000        0x0
 *(.eeprom*)
                0x00810000                __eeprom_end = .

.fuse
 *(.fuse)
 *(.lfuse)
 *(.hfuse)
 *(.efuse)

.lock
 *(.lock*)

.signature
 *(.signature*)

.user_signatures
 *(.user_signatures*)

.stab
 *(.stab)

.stabstr
 *(.stabstr)

.stab.excl
 *(.stab.excl)

.stab.exclstr
 *(.stab.exclstr)

.stab.index
 *(.stab.index)

.stab.indexstr
 *(.stab.indexstr)

.comment        0x00000000       0x30
 *(.comment)
 .comment       0x00000000       0x30 Sketch.o
                                 0x31 (size before relaxing)
 .comment       0x00000030       0x31 C:\Users\PASCAL~1\Desktop\MECHAT~1\STOPWA~1\MS_timer\STOPWA~1\STOPWA~1\ARDUIN~1\Debug\libArduinoCore.a(main.o)
 .comment       0x00000030       0x31 C:\Users\PASCAL~1\Desktop\MECHAT~1\STOPWA~1\MS_timer\STOPWA~1\STOPWA~1\ARDUIN~1\Debug\libArduinoCore.a(WInterrupts.o)
 .comment       0x00000030       0x31 C:\Users\PASCAL~1\Desktop\MECHAT~1\STOPWA~1\MS_timer\STOPWA~1\STOPWA~1\ARDUIN~1\Debug\libArduinoCore.a(wiring.o)
 .comment       0x00000030       0x31 C:\Users\PASCAL~1\Desktop\MECHAT~1\STOPWA~1\MS_timer\STOPWA~1\STOPWA~1\ARDUIN~1\Debug\libArduinoCore.a(wiring_digital.o)
 .comment       0x00000030       0x31 C:\Users\PASCAL~1\Desktop\MECHAT~1\STOPWA~1\MS_timer\STOPWA~1\STOPWA~1\ARDUIN~1\Debug\libArduinoCore.a(hooks.o)

.note.gnu.avr.deviceinfo
                0x00000000       0x40
 .note.gnu.avr.deviceinfo
                0x00000000       0x40 C:/Program Files (x86)/Atmel/Studio/7.0/Packs/atmel/ATmega_DFP/1.2.209/gcc/dev/atmega328p/avr5/crtatmega328p.o

.note.gnu.build-id
 *(.note.gnu.build-id)

.debug
 *(.debug)

.line
 *(.line)

.debug_srcinfo
 *(.debug_srcinfo)

.debug_sfnames
 *(.debug_sfnames)

.debug_aranges  0x00000000      0x150
 *(.debug_aranges)
 .debug_aranges
                0x00000000       0x40 Sketch.o
 .debug_aranges
                0x00000040       0x30 C:\Users\PASCAL~1\Desktop\MECHAT~1\STOPWA~1\MS_timer\STOPWA~1\STOPWA~1\ARDUIN~1\Debug\libArduinoCore.a(main.o)
 .debug_aranges
                0x00000070       0x40 C:\Users\PASCAL~1\Desktop\MECHAT~1\STOPWA~1\MS_timer\STOPWA~1\STOPWA~1\ARDUIN~1\Debug\libArduinoCore.a(WInterrupts.o)
 .debug_aranges
                0x000000b0       0x48 C:\Users\PASCAL~1\Desktop\MECHAT~1\STOPWA~1\MS_timer\STOPWA~1\STOPWA~1\ARDUIN~1\Debug\libArduinoCore.a(wiring.o)
 .debug_aranges
                0x000000f8       0x38 C:\Users\PASCAL~1\Desktop\MECHAT~1\STOPWA~1\MS_timer\STOPWA~1\STOPWA~1\ARDUIN~1\Debug\libArduinoCore.a(wiring_digital.o)
 .debug_aranges
                0x00000130       0x20 C:\Users\PASCAL~1\Desktop\MECHAT~1\STOPWA~1\MS_timer\STOPWA~1\STOPWA~1\ARDUIN~1\Debug\libArduinoCore.a(hooks.o)

.debug_pubnames
 *(.debug_pubnames)

.debug_info     0x00000000     0x1d47
 *(.debug_info .gnu.linkonce.wi.*)
 .debug_info    0x00000000      0x5f4 C:/Program Files (x86)/Atmel/Studio/7.0/Packs/atmel/ATmega_DFP/1.2.209/gcc/dev/atmega328p/avr5/crtatmega328p.o
 .debug_info    0x000005f4      0x9f9 Sketch.o
 .debug_info    0x00000fed      0x237 C:\Users\PASCAL~1\Desktop\MECHAT~1\STOPWA~1\MS_timer\STOPWA~1\STOPWA~1\ARDUIN~1\Debug\libArduinoCore.a(main.o)
 .debug_info    0x00001224      0x21c C:\Users\PASCAL~1\Desktop\MECHAT~1\STOPWA~1\MS_timer\STOPWA~1\STOPWA~1\ARDUIN~1\Debug\libArduinoCore.a(WInterrupts.o)
 .debug_info    0x00001440      0x2cb C:\Users\PASCAL~1\Desktop\MECHAT~1\STOPWA~1\MS_timer\STOPWA~1\STOPWA~1\ARDUIN~1\Debug\libArduinoCore.a(wiring.o)
 .debug_info    0x0000170b      0x5fe C:\Users\PASCAL~1\Desktop\MECHAT~1\STOPWA~1\MS_timer\STOPWA~1\STOPWA~1\ARDUIN~1\Debug\libArduinoCore.a(wiring_digital.o)
 .debug_info    0x00001d09       0x3e C:\Users\PASCAL~1\Desktop\MECHAT~1\STOPWA~1\MS_timer\STOPWA~1\STOPWA~1\ARDUIN~1\Debug\libArduinoCore.a(hooks.o)

.debug_abbrev   0x00000000      0xc1b
 *(.debug_abbrev)
 .debug_abbrev  0x00000000      0x5a2 C:/Program Files (x86)/Atmel/Studio/7.0/Packs/atmel/ATmega_DFP/1.2.209/gcc/dev/atmega328p/avr5/crtatmega328p.o
 .debug_abbrev  0x000005a2      0x185 Sketch.o
 .debug_abbrev  0x00000727      0x12d C:\Users\PASCAL~1\Desktop\MECHAT~1\STOPWA~1\MS_timer\STOPWA~1\STOPWA~1\ARDUIN~1\Debug\libArduinoCore.a(main.o)
 .debug_abbrev  0x00000854       0xfc C:\Users\PASCAL~1\Desktop\MECHAT~1\STOPWA~1\MS_timer\STOPWA~1\STOPWA~1\ARDUIN~1\Debug\libArduinoCore.a(WInterrupts.o)
 .debug_abbrev  0x00000950      0x146 C:\Users\PASCAL~1\Desktop\MECHAT~1\STOPWA~1\MS_timer\STOPWA~1\STOPWA~1\ARDUIN~1\Debug\libArduinoCore.a(wiring.o)
 .debug_abbrev  0x00000a96      0x15b C:\Users\PASCAL~1\Desktop\MECHAT~1\STOPWA~1\MS_timer\STOPWA~1\STOPWA~1\ARDUIN~1\Debug\libArduinoCore.a(wiring_digital.o)
 .debug_abbrev  0x00000bf1       0x2a C:\Users\PASCAL~1\Desktop\MECHAT~1\STOPWA~1\MS_timer\STOPWA~1\STOPWA~1\ARDUIN~1\Debug\libArduinoCore.a(hooks.o)

.debug_line     0x00000000      0xec8
 *(.debug_line .debug_line.* .debug_line_end)
 .debug_line    0x00000000      0x133 C:/Program Files (x86)/Atmel/Studio/7.0/Packs/atmel/ATmega_DFP/1.2.209/gcc/dev/atmega328p/avr5/crtatmega328p.o
 .debug_line    0x00000133      0x510 Sketch.o
 .debug_line    0x00000643      0x17a C:\Users\PASCAL~1\Desktop\MECHAT~1\STOPWA~1\MS_timer\STOPWA~1\STOPWA~1\ARDUIN~1\Debug\libArduinoCore.a(main.o)
 .debug_line    0x000007bd      0x1b5 C:\Users\PASCAL~1\Desktop\MECHAT~1\STOPWA~1\MS_timer\STOPWA~1\STOPWA~1\ARDUIN~1\Debug\libArduinoCore.a(WInterrupts.o)
 .debug_line    0x00000972      0x2ae C:\Users\PASCAL~1\Desktop\MECHAT~1\STOPWA~1\MS_timer\STOPWA~1\STOPWA~1\ARDUIN~1\Debug\libArduinoCore.a(wiring.o)
 .debug_line    0x00000c20      0x267 C:\Users\PASCAL~1\Desktop\MECHAT~1\STOPWA~1\MS_timer\STOPWA~1\STOPWA~1\ARDUIN~1\Debug\libArduinoCore.a(wiring_digital.o)
 .debug_line    0x00000e87       0x41 C:\Users\PASCAL~1\Desktop\MECHAT~1\STOPWA~1\MS_timer\STOPWA~1\STOPWA~1\ARDUIN~1\Debug\libArduinoCore.a(hooks.o)

.debug_frame    0x00000000      0x358
 *(.debug_frame)
 .debug_frame   0x00000000       0xac Sketch.o
 .debug_frame   0x000000ac       0x54 C:\Users\PASCAL~1\Desktop\MECHAT~1\STOPWA~1\MS_timer\STOPWA~1\STOPWA~1\ARDUIN~1\Debug\libArduinoCore.a(main.o)
 .debug_frame   0x00000100       0xf4 C:\Users\PASCAL~1\Desktop\MECHAT~1\STOPWA~1\MS_timer\STOPWA~1\STOPWA~1\ARDUIN~1\Debug\libArduinoCore.a(WInterrupts.o)
 .debug_frame   0x000001f4       0xc4 C:\Users\PASCAL~1\Desktop\MECHAT~1\STOPWA~1\MS_timer\STOPWA~1\STOPWA~1\ARDUIN~1\Debug\libArduinoCore.a(wiring.o)
 .debug_frame   0x000002b8       0x7c C:\Users\PASCAL~1\Desktop\MECHAT~1\STOPWA~1\MS_timer\STOPWA~1\STOPWA~1\ARDUIN~1\Debug\libArduinoCore.a(wiring_digital.o)
 .debug_frame   0x00000334       0x24 C:\Users\PASCAL~1\Desktop\MECHAT~1\STOPWA~1\MS_timer\STOPWA~1\STOPWA~1\ARDUIN~1\Debug\libArduinoCore.a(hooks.o)

.debug_str      0x00000000      0x8ad
 *(.debug_str)
 .debug_str     0x00000000      0x208 C:/Program Files (x86)/Atmel/Studio/7.0/Packs/atmel/ATmega_DFP/1.2.209/gcc/dev/atmega328p/avr5/crtatmega328p.o
 .debug_str     0x00000208      0x308 Sketch.o
                                0x34e (size before relaxing)
 .debug_str     0x00000510       0xc8 C:\Users\PASCAL~1\Desktop\MECHAT~1\STOPWA~1\MS_timer\STOPWA~1\STOPWA~1\ARDUIN~1\Debug\libArduinoCore.a(main.o)
                                0x2c8 (size before relaxing)
 .debug_str     0x000005d8      0x154 C:\Users\PASCAL~1\Desktop\MECHAT~1\STOPWA~1\MS_timer\STOPWA~1\STOPWA~1\ARDUIN~1\Debug\libArduinoCore.a(WInterrupts.o)
                                0x24b (size before relaxing)
 .debug_str     0x0000072c       0x91 C:\Users\PASCAL~1\Desktop\MECHAT~1\STOPWA~1\MS_timer\STOPWA~1\STOPWA~1\ARDUIN~1\Debug\libArduinoCore.a(wiring.o)
                                0x25e (size before relaxing)
 .debug_str     0x000007bd       0xd4 C:\Users\PASCAL~1\Desktop\MECHAT~1\STOPWA~1\MS_timer\STOPWA~1\STOPWA~1\ARDUIN~1\Debug\libArduinoCore.a(wiring_digital.o)
                                0x2c3 (size before relaxing)
 .debug_str     0x00000891       0x1c C:\Users\PASCAL~1\Desktop\MECHAT~1\STOPWA~1\MS_timer\STOPWA~1\STOPWA~1\ARDUIN~1\Debug\libArduinoCore.a(hooks.o)
                                0x153 (size before relaxing)

.debug_loc      0x00000000      0xcb4
 *(.debug_loc)
 .debug_loc     0x00000000      0x1f6 Sketch.o
 .debug_loc     0x000001f6      0x235 C:\Users\PASCAL~1\Desktop\MECHAT~1\STOPWA~1\MS_timer\STOPWA~1\STOPWA~1\ARDUIN~1\Debug\libArduinoCore.a(WInterrupts.o)
 .debug_loc     0x0000042b      0x28d C:\Users\PASCAL~1\Desktop\MECHAT~1\STOPWA~1\MS_timer\STOPWA~1\STOPWA~1\ARDUIN~1\Debug\libArduinoCore.a(wiring.o)
 .debug_loc     0x000006b8      0x5fc C:\Users\PASCAL~1\Desktop\MECHAT~1\STOPWA~1\MS_timer\STOPWA~1\STOPWA~1\ARDUIN~1\Debug\libArduinoCore.a(wiring_digital.o)

.debug_macinfo
 *(.debug_macinfo)

.debug_weaknames
 *(.debug_weaknames)

.debug_funcnames
 *(.debug_funcnames)

.debug_typenames
 *(.debug_typenames)

.debug_varnames
 *(.debug_varnames)

.debug_pubtypes
 *(.debug_pubtypes)

.debug_ranges   0x00000000       0xf0
 *(.debug_ranges)
 .debug_ranges  0x00000000       0x30 Sketch.o
 .debug_ranges  0x00000030       0x20 C:\Users\PASCAL~1\Desktop\MECHAT~1\STOPWA~1\MS_timer\STOPWA~1\STOPWA~1\ARDUIN~1\Debug\libArduinoCore.a(main.o)
 .debug_ranges  0x00000050       0x30 C:\Users\PASCAL~1\Desktop\MECHAT~1\STOPWA~1\MS_timer\STOPWA~1\STOPWA~1\ARDUIN~1\Debug\libArduinoCore.a(WInterrupts.o)
 .debug_ranges  0x00000080       0x38 C:\Users\PASCAL~1\Desktop\MECHAT~1\STOPWA~1\MS_timer\STOPWA~1\STOPWA~1\ARDUIN~1\Debug\libArduinoCore.a(wiring.o)
 .debug_ranges  0x000000b8       0x28 C:\Users\PASCAL~1\Desktop\MECHAT~1\STOPWA~1\MS_timer\STOPWA~1\STOPWA~1\ARDUIN~1\Debug\libArduinoCore.a(wiring_digital.o)
 .debug_ranges  0x000000e0       0x10 C:\Users\PASCAL~1\Desktop\MECHAT~1\STOPWA~1\MS_timer\STOPWA~1\STOPWA~1\ARDUIN~1\Debug\libArduinoCore.a(hooks.o)

.debug_macro
 *(.debug_macro)
OUTPUT(MS_timer.elf elf32-avr)
LOAD linker stubs
