Archive member included to satisfy reference by file (symbol)

C:\Users\PASCAL~1\Desktop\MECHAT~1\STOPWA~1\TIMER_~4\TIMER_~1\ARDUIN~1\Debug\libArduinoCore.a(main.o)
                              C:/Program Files (x86)/Atmel/Studio/7.0/Packs/atmel/ATmega_DFP/1.2.209/gcc/dev/atmega328p/avr5/crtatmega328p.o (main)
C:\Users\PASCAL~1\Desktop\MECHAT~1\STOPWA~1\TIMER_~4\TIMER_~1\ARDUIN~1\Debug\libArduinoCore.a(WInterrupts.o)
                              Sketch.o (attachInterrupt)
C:\Users\PASCAL~1\Desktop\MECHAT~1\STOPWA~1\TIMER_~4\TIMER_~1\ARDUIN~1\Debug\libArduinoCore.a(wiring.o)
                              Sketch.o (delay)
C:\Users\PASCAL~1\Desktop\MECHAT~1\STOPWA~1\TIMER_~4\TIMER_~1\ARDUIN~1\Debug\libArduinoCore.a(wiring_digital.o)
                              Sketch.o (pinMode)
C:\Users\PASCAL~1\Desktop\MECHAT~1\STOPWA~1\TIMER_~4\TIMER_~1\ARDUIN~1\Debug\libArduinoCore.a(MsTimer2.o)
                              Sketch.o (_ZN8MsTimer23setEmPFvvE)
C:\Users\PASCAL~1\Desktop\MECHAT~1\STOPWA~1\TIMER_~4\TIMER_~1\ARDUIN~1\Debug\libArduinoCore.a(hooks.o)
                              C:\Users\PASCAL~1\Desktop\MECHAT~1\STOPWA~1\TIMER_~4\TIMER_~1\ARDUIN~1\Debug\libArduinoCore.a(wiring.o) (yield)
c:/program files (x86)/atmel/studio/7.0/toolchain/avr8/avr8-gnu-toolchain/bin/../lib/gcc/avr/5.4.0/avr5\libgcc.a(_divmodhi4.o)
                              Sketch.o (__divmodhi4)
c:/program files (x86)/atmel/studio/7.0/toolchain/avr8/avr8-gnu-toolchain/bin/../lib/gcc/avr/5.4.0/avr5\libgcc.a(_exit.o)
                              C:/Program Files (x86)/Atmel/Studio/7.0/Packs/atmel/ATmega_DFP/1.2.209/gcc/dev/atmega328p/avr5/crtatmega328p.o (exit)
c:/program files (x86)/atmel/studio/7.0/toolchain/avr8/avr8-gnu-toolchain/bin/../lib/gcc/avr/5.4.0/avr5\libgcc.a(_copy_data.o)
                              Sketch.o (__do_copy_data)
c:/program files (x86)/atmel/studio/7.0/toolchain/avr8/avr8-gnu-toolchain/bin/../lib/gcc/avr/5.4.0/avr5\libgcc.a(_clear_bss.o)
                              Sketch.o (__do_clear_bss)
c:/program files (x86)/atmel/studio/7.0/toolchain/avr8/avr8-gnu-toolchain/bin/../lib/gcc/avr/5.4.0/avr5\libgcc.a(_udivmodhi4.o)
                              c:/program files (x86)/atmel/studio/7.0/toolchain/avr8/avr8-gnu-toolchain/bin/../lib/gcc/avr/5.4.0/avr5\libgcc.a(_divmodhi4.o) (__udivmodhi4)

Discarded input sections

 .data          0x00000000        0x0 C:/Program Files (x86)/Atmel/Studio/7.0/Packs/atmel/ATmega_DFP/1.2.209/gcc/dev/atmega328p/avr5/crtatmega328p.o
 .bss           0x00000000        0x0 C:/Program Files (x86)/Atmel/Studio/7.0/Packs/atmel/ATmega_DFP/1.2.209/gcc/dev/atmega328p/avr5/crtatmega328p.o
 .text          0x00000000        0x0 Sketch.o
 .data          0x00000000        0x0 Sketch.o
 .bss           0x00000000        0x0 Sketch.o
 .bss.c4        0x00000000        0x1 Sketch.o
 .text          0x00000000        0x0 C:\Users\PASCAL~1\Desktop\MECHAT~1\STOPWA~1\TIMER_~4\TIMER_~1\ARDUIN~1\Debug\libArduinoCore.a(main.o)
 .data          0x00000000        0x0 C:\Users\PASCAL~1\Desktop\MECHAT~1\STOPWA~1\TIMER_~4\TIMER_~1\ARDUIN~1\Debug\libArduinoCore.a(main.o)
 .bss           0x00000000        0x0 C:\Users\PASCAL~1\Desktop\MECHAT~1\STOPWA~1\TIMER_~4\TIMER_~1\ARDUIN~1\Debug\libArduinoCore.a(main.o)
 .text.atexit   0x00000000        0x6 C:\Users\PASCAL~1\Desktop\MECHAT~1\STOPWA~1\TIMER_~4\TIMER_~1\ARDUIN~1\Debug\libArduinoCore.a(main.o)
 .text._Z8setupUSBv
                0x00000000        0x2 C:\Users\PASCAL~1\Desktop\MECHAT~1\STOPWA~1\TIMER_~4\TIMER_~1\ARDUIN~1\Debug\libArduinoCore.a(main.o)
 .text          0x00000000        0x0 C:\Users\PASCAL~1\Desktop\MECHAT~1\STOPWA~1\TIMER_~4\TIMER_~1\ARDUIN~1\Debug\libArduinoCore.a(WInterrupts.o)
 .data          0x00000000        0x0 C:\Users\PASCAL~1\Desktop\MECHAT~1\STOPWA~1\TIMER_~4\TIMER_~1\ARDUIN~1\Debug\libArduinoCore.a(WInterrupts.o)
 .bss           0x00000000        0x0 C:\Users\PASCAL~1\Desktop\MECHAT~1\STOPWA~1\TIMER_~4\TIMER_~1\ARDUIN~1\Debug\libArduinoCore.a(WInterrupts.o)
 .text.detachInterrupt
                0x00000000       0x24 C:\Users\PASCAL~1\Desktop\MECHAT~1\STOPWA~1\TIMER_~4\TIMER_~1\ARDUIN~1\Debug\libArduinoCore.a(WInterrupts.o)
 .text          0x00000000        0x0 C:\Users\PASCAL~1\Desktop\MECHAT~1\STOPWA~1\TIMER_~4\TIMER_~1\ARDUIN~1\Debug\libArduinoCore.a(wiring.o)
 .data          0x00000000        0x0 C:\Users\PASCAL~1\Desktop\MECHAT~1\STOPWA~1\TIMER_~4\TIMER_~1\ARDUIN~1\Debug\libArduinoCore.a(wiring.o)
 .bss           0x00000000        0x0 C:\Users\PASCAL~1\Desktop\MECHAT~1\STOPWA~1\TIMER_~4\TIMER_~1\ARDUIN~1\Debug\libArduinoCore.a(wiring.o)
 .text.millis   0x00000000       0x18 C:\Users\PASCAL~1\Desktop\MECHAT~1\STOPWA~1\TIMER_~4\TIMER_~1\ARDUIN~1\Debug\libArduinoCore.a(wiring.o)
 .text.delayMicroseconds
                0x00000000       0x16 C:\Users\PASCAL~1\Desktop\MECHAT~1\STOPWA~1\TIMER_~4\TIMER_~1\ARDUIN~1\Debug\libArduinoCore.a(wiring.o)
 .text          0x00000000        0x0 C:\Users\PASCAL~1\Desktop\MECHAT~1\STOPWA~1\TIMER_~4\TIMER_~1\ARDUIN~1\Debug\libArduinoCore.a(wiring_digital.o)
 .data          0x00000000        0x0 C:\Users\PASCAL~1\Desktop\MECHAT~1\STOPWA~1\TIMER_~4\TIMER_~1\ARDUIN~1\Debug\libArduinoCore.a(wiring_digital.o)
 .bss           0x00000000        0x0 C:\Users\PASCAL~1\Desktop\MECHAT~1\STOPWA~1\TIMER_~4\TIMER_~1\ARDUIN~1\Debug\libArduinoCore.a(wiring_digital.o)
 .text.digitalRead
                0x00000000       0x52 C:\Users\PASCAL~1\Desktop\MECHAT~1\STOPWA~1\TIMER_~4\TIMER_~1\ARDUIN~1\Debug\libArduinoCore.a(wiring_digital.o)
 .progmem.data.port_to_input_PGM
                0x00000000        0xa C:\Users\PASCAL~1\Desktop\MECHAT~1\STOPWA~1\TIMER_~4\TIMER_~1\ARDUIN~1\Debug\libArduinoCore.a(wiring_digital.o)
 .text          0x00000000        0x0 C:\Users\PASCAL~1\Desktop\MECHAT~1\STOPWA~1\TIMER_~4\TIMER_~1\ARDUIN~1\Debug\libArduinoCore.a(MsTimer2.o)
 .data          0x00000000        0x0 C:\Users\PASCAL~1\Desktop\MECHAT~1\STOPWA~1\TIMER_~4\TIMER_~1\ARDUIN~1\Debug\libArduinoCore.a(MsTimer2.o)
 .bss           0x00000000        0x0 C:\Users\PASCAL~1\Desktop\MECHAT~1\STOPWA~1\TIMER_~4\TIMER_~1\ARDUIN~1\Debug\libArduinoCore.a(MsTimer2.o)
 .text._ZN8MsTimer24stopEv
                0x00000000        0xc C:\Users\PASCAL~1\Desktop\MECHAT~1\STOPWA~1\TIMER_~4\TIMER_~1\ARDUIN~1\Debug\libArduinoCore.a(MsTimer2.o)
 .text          0x00000000        0x0 C:\Users\PASCAL~1\Desktop\MECHAT~1\STOPWA~1\TIMER_~4\TIMER_~1\ARDUIN~1\Debug\libArduinoCore.a(hooks.o)
 .data          0x00000000        0x0 C:\Users\PASCAL~1\Desktop\MECHAT~1\STOPWA~1\TIMER_~4\TIMER_~1\ARDUIN~1\Debug\libArduinoCore.a(hooks.o)
 .bss           0x00000000        0x0 C:\Users\PASCAL~1\Desktop\MECHAT~1\STOPWA~1\TIMER_~4\TIMER_~1\ARDUIN~1\Debug\libArduinoCore.a(hooks.o)
 .text          0x00000000        0x0 c:/program files (x86)/atmel/studio/7.0/toolchain/avr8/avr8-gnu-toolchain/bin/../lib/gcc/avr/5.4.0/avr5\libgcc.a(_divmodhi4.o)
 .data          0x00000000        0x0 c:/program files (x86)/atmel/studio/7.0/toolchain/avr8/avr8-gnu-toolchain/bin/../lib/gcc/avr/5.4.0/avr5\libgcc.a(_divmodhi4.o)
 .bss           0x00000000        0x0 c:/program files (x86)/atmel/studio/7.0/toolchain/avr8/avr8-gnu-toolchain/bin/../lib/gcc/avr/5.4.0/avr5\libgcc.a(_divmodhi4.o)
 .text.libgcc.mul
                0x00000000        0x0 c:/program files (x86)/atmel/studio/7.0/toolchain/avr8/avr8-gnu-toolchain/bin/../lib/gcc/avr/5.4.0/avr5\libgcc.a(_divmodhi4.o)
 .text.libgcc   0x00000000        0x0 c:/program files (x86)/atmel/studio/7.0/toolchain/avr8/avr8-gnu-toolchain/bin/../lib/gcc/avr/5.4.0/avr5\libgcc.a(_divmodhi4.o)
 .text.libgcc.prologue
                0x00000000        0x0 c:/program files (x86)/atmel/studio/7.0/toolchain/avr8/avr8-gnu-toolchain/bin/../lib/gcc/avr/5.4.0/avr5\libgcc.a(_divmodhi4.o)
 .text.libgcc.builtins
                0x00000000        0x0 c:/program files (x86)/atmel/studio/7.0/toolchain/avr8/avr8-gnu-toolchain/bin/../lib/gcc/avr/5.4.0/avr5\libgcc.a(_divmodhi4.o)
 .text.libgcc.fmul
                0x00000000        0x0 c:/program files (x86)/atmel/studio/7.0/toolchain/avr8/avr8-gnu-toolchain/bin/../lib/gcc/avr/5.4.0/avr5\libgcc.a(_divmodhi4.o)
 .text.libgcc.fixed
                0x00000000        0x0 c:/program files (x86)/atmel/studio/7.0/toolchain/avr8/avr8-gnu-toolchain/bin/../lib/gcc/avr/5.4.0/avr5\libgcc.a(_divmodhi4.o)
 .text          0x00000000        0x0 c:/program files (x86)/atmel/studio/7.0/toolchain/avr8/avr8-gnu-toolchain/bin/../lib/gcc/avr/5.4.0/avr5\libgcc.a(_exit.o)
 .data          0x00000000        0x0 c:/program files (x86)/atmel/studio/7.0/toolchain/avr8/avr8-gnu-toolchain/bin/../lib/gcc/avr/5.4.0/avr5\libgcc.a(_exit.o)
 .bss           0x00000000        0x0 c:/program files (x86)/atmel/studio/7.0/toolchain/avr8/avr8-gnu-toolchain/bin/../lib/gcc/avr/5.4.0/avr5\libgcc.a(_exit.o)
 .text.libgcc.mul
                0x00000000        0x0 c:/program files (x86)/atmel/studio/7.0/toolchain/avr8/avr8-gnu-toolchain/bin/../lib/gcc/avr/5.4.0/avr5\libgcc.a(_exit.o)
 .text.libgcc.div
                0x00000000        0x0 c:/program files (x86)/atmel/studio/7.0/toolchain/avr8/avr8-gnu-toolchain/bin/../lib/gcc/avr/5.4.0/avr5\libgcc.a(_exit.o)
 .text.libgcc   0x00000000        0x0 c:/program files (x86)/atmel/studio/7.0/toolchain/avr8/avr8-gnu-toolchain/bin/../lib/gcc/avr/5.4.0/avr5\libgcc.a(_exit.o)
 .text.libgcc.prologue
                0x00000000        0x0 c:/program files (x86)/atmel/studio/7.0/toolchain/avr8/avr8-gnu-toolchain/bin/../lib/gcc/avr/5.4.0/avr5\libgcc.a(_exit.o)
 .text.libgcc.builtins
                0x00000000        0x0 c:/program files (x86)/atmel/studio/7.0/toolchain/avr8/avr8-gnu-toolchain/bin/../lib/gcc/avr/5.4.0/avr5\libgcc.a(_exit.o)
 .text.libgcc.fmul
                0x00000000        0x0 c:/program files (x86)/atmel/studio/7.0/toolchain/avr8/avr8-gnu-toolchain/bin/../lib/gcc/avr/5.4.0/avr5\libgcc.a(_exit.o)
 .text.libgcc.fixed
                0x00000000        0x0 c:/program files (x86)/atmel/studio/7.0/toolchain/avr8/avr8-gnu-toolchain/bin/../lib/gcc/avr/5.4.0/avr5\libgcc.a(_exit.o)
 .text          0x00000000        0x0 c:/program files (x86)/atmel/studio/7.0/toolchain/avr8/avr8-gnu-toolchain/bin/../lib/gcc/avr/5.4.0/avr5\libgcc.a(_copy_data.o)
 .data          0x00000000        0x0 c:/program files (x86)/atmel/studio/7.0/toolchain/avr8/avr8-gnu-toolchain/bin/../lib/gcc/avr/5.4.0/avr5\libgcc.a(_copy_data.o)
 .bss           0x00000000        0x0 c:/program files (x86)/atmel/studio/7.0/toolchain/avr8/avr8-gnu-toolchain/bin/../lib/gcc/avr/5.4.0/avr5\libgcc.a(_copy_data.o)
 .text.libgcc.mul
                0x00000000        0x0 c:/program files (x86)/atmel/studio/7.0/toolchain/avr8/avr8-gnu-toolchain/bin/../lib/gcc/avr/5.4.0/avr5\libgcc.a(_copy_data.o)
 .text.libgcc.div
                0x00000000        0x0 c:/program files (x86)/atmel/studio/7.0/toolchain/avr8/avr8-gnu-toolchain/bin/../lib/gcc/avr/5.4.0/avr5\libgcc.a(_copy_data.o)
 .text.libgcc   0x00000000        0x0 c:/program files (x86)/atmel/studio/7.0/toolchain/avr8/avr8-gnu-toolchain/bin/../lib/gcc/avr/5.4.0/avr5\libgcc.a(_copy_data.o)
 .text.libgcc.prologue
                0x00000000        0x0 c:/program files (x86)/atmel/studio/7.0/toolchain/avr8/avr8-gnu-toolchain/bin/../lib/gcc/avr/5.4.0/avr5\libgcc.a(_copy_data.o)
 .text.libgcc.builtins
                0x00000000        0x0 c:/program files (x86)/atmel/studio/7.0/toolchain/avr8/avr8-gnu-toolchain/bin/../lib/gcc/avr/5.4.0/avr5\libgcc.a(_copy_data.o)
 .text.libgcc.fmul
                0x00000000        0x0 c:/program files (x86)/atmel/studio/7.0/toolchain/avr8/avr8-gnu-toolchain/bin/../lib/gcc/avr/5.4.0/avr5\libgcc.a(_copy_data.o)
 .text.libgcc.fixed
                0x00000000        0x0 c:/program files (x86)/atmel/studio/7.0/toolchain/avr8/avr8-gnu-toolchain/bin/../lib/gcc/avr/5.4.0/avr5\libgcc.a(_copy_data.o)
 .text          0x00000000        0x0 c:/program files (x86)/atmel/studio/7.0/toolchain/avr8/avr8-gnu-toolchain/bin/../lib/gcc/avr/5.4.0/avr5\libgcc.a(_clear_bss.o)
 .data          0x00000000        0x0 c:/program files (x86)/atmel/studio/7.0/toolchain/avr8/avr8-gnu-toolchain/bin/../lib/gcc/avr/5.4.0/avr5\libgcc.a(_clear_bss.o)
 .bss           0x00000000        0x0 c:/program files (x86)/atmel/studio/7.0/toolchain/avr8/avr8-gnu-toolchain/bin/../lib/gcc/avr/5.4.0/avr5\libgcc.a(_clear_bss.o)
 .text.libgcc.mul
                0x00000000        0x0 c:/program files (x86)/atmel/studio/7.0/toolchain/avr8/avr8-gnu-toolchain/bin/../lib/gcc/avr/5.4.0/avr5\libgcc.a(_clear_bss.o)
 .text.libgcc.div
                0x00000000        0x0 c:/program files (x86)/atmel/studio/7.0/toolchain/avr8/avr8-gnu-toolchain/bin/../lib/gcc/avr/5.4.0/avr5\libgcc.a(_clear_bss.o)
 .text.libgcc   0x00000000        0x0 c:/program files (x86)/atmel/studio/7.0/toolchain/avr8/avr8-gnu-toolchain/bin/../lib/gcc/avr/5.4.0/avr5\libgcc.a(_clear_bss.o)
 .text.libgcc.prologue
                0x00000000        0x0 c:/program files (x86)/atmel/studio/7.0/toolchain/avr8/avr8-gnu-toolchain/bin/../lib/gcc/avr/5.4.0/avr5\libgcc.a(_clear_bss.o)
 .text.libgcc.builtins
                0x00000000        0x0 c:/program files (x86)/atmel/studio/7.0/toolchain/avr8/avr8-gnu-toolchain/bin/../lib/gcc/avr/5.4.0/avr5\libgcc.a(_clear_bss.o)
 .text.libgcc.fmul
                0x00000000        0x0 c:/program files (x86)/atmel/studio/7.0/toolchain/avr8/avr8-gnu-toolchain/bin/../lib/gcc/avr/5.4.0/avr5\libgcc.a(_clear_bss.o)
 .text.libgcc.fixed
                0x00000000        0x0 c:/program files (x86)/atmel/studio/7.0/toolchain/avr8/avr8-gnu-toolchain/bin/../lib/gcc/avr/5.4.0/avr5\libgcc.a(_clear_bss.o)
 .text          0x00000000        0x0 c:/program files (x86)/atmel/studio/7.0/toolchain/avr8/avr8-gnu-toolchain/bin/../lib/gcc/avr/5.4.0/avr5\libgcc.a(_udivmodhi4.o)
 .data          0x00000000        0x0 c:/program files (x86)/atmel/studio/7.0/toolchain/avr8/avr8-gnu-toolchain/bin/../lib/gcc/avr/5.4.0/avr5\libgcc.a(_udivmodhi4.o)
 .bss           0x00000000        0x0 c:/program files (x86)/atmel/studio/7.0/toolchain/avr8/avr8-gnu-toolchain/bin/../lib/gcc/avr/5.4.0/avr5\libgcc.a(_udivmodhi4.o)
 .text.libgcc.mul
                0x00000000        0x0 c:/program files (x86)/atmel/studio/7.0/toolchain/avr8/avr8-gnu-toolchain/bin/../lib/gcc/avr/5.4.0/avr5\libgcc.a(_udivmodhi4.o)
 .text.libgcc   0x00000000        0x0 c:/program files (x86)/atmel/studio/7.0/toolchain/avr8/avr8-gnu-toolchain/bin/../lib/gcc/avr/5.4.0/avr5\libgcc.a(_udivmodhi4.o)
 .text.libgcc.prologue
                0x00000000        0x0 c:/program files (x86)/atmel/studio/7.0/toolchain/avr8/avr8-gnu-toolchain/bin/../lib/gcc/avr/5.4.0/avr5\libgcc.a(_udivmodhi4.o)
 .text.libgcc.builtins
                0x00000000        0x0 c:/program files (x86)/atmel/studio/7.0/toolchain/avr8/avr8-gnu-toolchain/bin/../lib/gcc/avr/5.4.0/avr5\libgcc.a(_udivmodhi4.o)
 .text.libgcc.fmul
                0x00000000        0x0 c:/program files (x86)/atmel/studio/7.0/toolchain/avr8/avr8-gnu-toolchain/bin/../lib/gcc/avr/5.4.0/avr5\libgcc.a(_udivmodhi4.o)
 .text.libgcc.fixed
                0x00000000        0x0 c:/program files (x86)/atmel/studio/7.0/toolchain/avr8/avr8-gnu-toolchain/bin/../lib/gcc/avr/5.4.0/avr5\libgcc.a(_udivmodhi4.o)

Memory Configuration

Name             Origin             Length             Attributes
text             0x00000000         0x00020000         xr
data             0x00800060         0x0000ffa0         rw !x
eeprom           0x00810000         0x00010000         rw !x
fuse             0x00820000         0x00000003         rw !x
lock             0x00830000         0x00000400         rw !x
signature        0x00840000         0x00000400         rw !x
user_signatures  0x00850000         0x00000400         rw !x
*default*        0x00000000         0xffffffff

Linker script and memory map

Address of section .data set to 0x800100
LOAD C:/Program Files (x86)/Atmel/Studio/7.0/Packs/atmel/ATmega_DFP/1.2.209/gcc/dev/atmega328p/avr5/crtatmega328p.o
LOAD Sketch.o
START GROUP
LOAD c:/program files (x86)/atmel/studio/7.0/toolchain/avr8/avr8-gnu-toolchain/bin/../lib/gcc/avr/5.4.0/../../../../avr/lib/avr5\libm.a
LOAD C:\Users\PASCAL~1\Desktop\MECHAT~1\STOPWA~1\TIMER_~4\TIMER_~1\ARDUIN~1\Debug\libArduinoCore.a
END GROUP
LOAD c:/program files (x86)/atmel/studio/7.0/toolchain/avr8/avr8-gnu-toolchain/bin/../lib/gcc/avr/5.4.0/avr5\libgcc.a
LOAD c:/program files (x86)/atmel/studio/7.0/toolchain/avr8/avr8-gnu-toolchain/bin/../lib/gcc/avr/5.4.0/../../../../avr/lib/avr5\libm.a
START GROUP
LOAD c:/program files (x86)/atmel/studio/7.0/toolchain/avr8/avr8-gnu-toolchain/bin/../lib/gcc/avr/5.4.0/avr5\libgcc.a
LOAD c:/program files (x86)/atmel/studio/7.0/toolchain/avr8/avr8-gnu-toolchain/bin/../lib/gcc/avr/5.4.0/../../../../avr/lib/avr5\libm.a
LOAD c:/program files (x86)/atmel/studio/7.0/toolchain/avr8/avr8-gnu-toolchain/bin/../lib/gcc/avr/5.4.0/../../../../avr/lib/avr5\libc.a
LOAD C:/Program Files (x86)/Atmel/Studio/7.0/Packs/atmel/ATmega_DFP/1.2.209/gcc/dev/atmega328p/avr5\libatmega328p.a
END GROUP
                0x00020000                __TEXT_REGION_LENGTH__ = DEFINED (__TEXT_REGION_LENGTH__)?__TEXT_REGION_LENGTH__:0x20000
                0x0000ffa0                __DATA_REGION_LENGTH__ = DEFINED (__DATA_REGION_LENGTH__)?__DATA_REGION_LENGTH__:0xffa0
                0x00010000                __EEPROM_REGION_LENGTH__ = DEFINED (__EEPROM_REGION_LENGTH__)?__EEPROM_REGION_LENGTH__:0x10000
                [0x00000003]                __FUSE_REGION_LENGTH__ = DEFINED (__FUSE_REGION_LENGTH__)?__FUSE_REGION_LENGTH__:0x400
                0x00000400                __LOCK_REGION_LENGTH__ = DEFINED (__LOCK_REGION_LENGTH__)?__LOCK_REGION_LENGTH__:0x400
                0x00000400                __SIGNATURE_REGION_LENGTH__ = DEFINED (__SIGNATURE_REGION_LENGTH__)?__SIGNATURE_REGION_LENGTH__:0x400
                0x00000400                __USER_SIGNATURE_REGION_LENGTH__ = DEFINED (__USER_SIGNATURE_REGION_LENGTH__)?__USER_SIGNATURE_REGION_LENGTH__:0x400

.hash
 *(.hash)

.dynsym
 *(.dynsym)

.dynstr
 *(.dynstr)

.gnu.version
 *(.gnu.version)

.gnu.version_d
 *(.gnu.version_d)

.gnu.version_r
 *(.gnu.version_r)

.rel.init
 *(.rel.init)

.rela.init
 *(.rela.init)

.rel.text
 *(.rel.text)
 *(.rel.text.*)
 *(.rel.gnu.linkonce.t*)

.rela.text
 *(.rela.text)
 *(.rela.text.*)
 *(.rela.gnu.linkonce.t*)

.rel.fini
 *(.rel.fini)

.rela.fini
 *(.rela.fini)

.rel.rodata
 *(.rel.rodata)
 *(.rel.rodata.*)
 *(.rel.gnu.linkonce.r*)

.rela.rodata
 *(.rela.rodata)
 *(.rela.rodata.*)
 *(.rela.gnu.linkonce.r*)

.rel.data
 *(.rel.data)
 *(.rel.data.*)
 *(.rel.gnu.linkonce.d*)

.rela.data
 *(.rela.data)
 *(.rela.data.*)
 *(.rela.gnu.linkonce.d*)

.rel.ctors
 *(.rel.ctors)

.rela.ctors
 *(.rela.ctors)

.rel.dtors
 *(.rel.dtors)

.rela.dtors
 *(.rela.dtors)

.rel.got
 *(.rel.got)

.rela.got
 *(.rela.got)

.rel.bss
 *(.rel.bss)

.rela.bss
 *(.rela.bss)

.rel.plt
 *(.rel.plt)

.rela.plt
 *(.rela.plt)

.text           0x00000000      0xc3e
 *(.vectors)
 .vectors       0x00000000       0x68 C:/Program Files (x86)/Atmel/Studio/7.0/Packs/atmel/ATmega_DFP/1.2.209/gcc/dev/atmega328p/avr5/crtatmega328p.o
                0x00000000                __vector_default
                0x00000000                __vectors
 *(.vectors)
 *(.progmem.gcc*)
                0x00000068                . = ALIGN (0x2)
                0x00000068                __trampolines_start = .
 *(.trampolines)
 .trampolines   0x00000068        0x0 linker stubs
 *(.trampolines*)
                0x00000068                __trampolines_end = .
 *libprintf_flt.a:*(.progmem.data)
 *libc.a:*(.progmem.data)
 *(.progmem*)
 .progmem.data.digital_pin_to_timer_PGM
                0x00000068       0x14 C:\Users\PASCAL~1\Desktop\MECHAT~1\STOPWA~1\TIMER_~4\TIMER_~1\ARDUIN~1\Debug\libArduinoCore.a(wiring_digital.o)
                0x00000068                digital_pin_to_timer_PGM
 .progmem.data.digital_pin_to_bit_mask_PGM
                0x0000007c       0x14 C:\Users\PASCAL~1\Desktop\MECHAT~1\STOPWA~1\TIMER_~4\TIMER_~1\ARDUIN~1\Debug\libArduinoCore.a(wiring_digital.o)
                0x0000007c                digital_pin_to_bit_mask_PGM
 .progmem.data.digital_pin_to_port_PGM
                0x00000090       0x14 C:\Users\PASCAL~1\Desktop\MECHAT~1\STOPWA~1\TIMER_~4\TIMER_~1\ARDUIN~1\Debug\libArduinoCore.a(wiring_digital.o)
                0x00000090                digital_pin_to_port_PGM
 .progmem.data.port_to_output_PGM
                0x000000a4        0xa C:\Users\PASCAL~1\Desktop\MECHAT~1\STOPWA~1\TIMER_~4\TIMER_~1\ARDUIN~1\Debug\libArduinoCore.a(wiring_digital.o)
                0x000000a4                port_to_output_PGM
 .progmem.data.port_to_mode_PGM
                0x000000ae        0xa C:\Users\PASCAL~1\Desktop\MECHAT~1\STOPWA~1\TIMER_~4\TIMER_~1\ARDUIN~1\Debug\libArduinoCore.a(wiring_digital.o)
                0x000000ae                port_to_mode_PGM
                0x000000b8                . = ALIGN (0x2)
 *(.jumptables)
 *(.jumptables*)
 *(.lowtext)
 *(.lowtext*)
                0x000000b8                __ctors_start = .
 *(.ctors)
                0x000000b8                __ctors_end = .
                0x000000b8                __dtors_start = .
 *(.dtors)
                0x000000b8                __dtors_end = .
 SORT(*)(.ctors)
 SORT(*)(.dtors)
 *(.init0)
 .init0         0x000000b8        0x0 C:/Program Files (x86)/Atmel/Studio/7.0/Packs/atmel/ATmega_DFP/1.2.209/gcc/dev/atmega328p/avr5/crtatmega328p.o
                0x000000b8                __init
 *(.init0)
 *(.init1)
 *(.init1)
 *(.init2)
 .init2         0x000000b8        0xc C:/Program Files (x86)/Atmel/Studio/7.0/Packs/atmel/ATmega_DFP/1.2.209/gcc/dev/atmega328p/avr5/crtatmega328p.o
 *(.init2)
 *(.init3)
 *(.init3)
 *(.init4)
 .init4         0x000000c4       0x16 c:/program files (x86)/atmel/studio/7.0/toolchain/avr8/avr8-gnu-toolchain/bin/../lib/gcc/avr/5.4.0/avr5\libgcc.a(_copy_data.o)
                0x000000c4                __do_copy_data
 .init4         0x000000da       0x10 c:/program files (x86)/atmel/studio/7.0/toolchain/avr8/avr8-gnu-toolchain/bin/../lib/gcc/avr/5.4.0/avr5\libgcc.a(_clear_bss.o)
                0x000000da                __do_clear_bss
 *(.init4)
 *(.init5)
 *(.init5)
 *(.init6)
 *(.init6)
 *(.init7)
 *(.init7)
 *(.init8)
 *(.init8)
 *(.init9)
 .init9         0x000000ea        0x8 C:/Program Files (x86)/Atmel/Studio/7.0/Packs/atmel/ATmega_DFP/1.2.209/gcc/dev/atmega328p/avr5/crtatmega328p.o
 *(.init9)
 *(.text)
 .text          0x000000f2        0x4 C:/Program Files (x86)/Atmel/Studio/7.0/Packs/atmel/ATmega_DFP/1.2.209/gcc/dev/atmega328p/avr5/crtatmega328p.o
                0x000000f2                __vector_22
                0x000000f2                __vector_24
                0x000000f2                __vector_12
                0x000000f2                __bad_interrupt
                0x000000f2                __vector_6
                0x000000f2                __vector_3
                0x000000f2                __vector_23
                0x000000f2                __vector_25
                0x000000f2                __vector_11
                0x000000f2                __vector_13
                0x000000f2                __vector_17
                0x000000f2                __vector_19
                0x000000f2                __vector_7
                0x000000f2                __vector_5
                0x000000f2                __vector_4
                0x000000f2                __vector_21
                0x000000f2                __vector_15
                0x000000f2                __vector_8
                0x000000f2                __vector_14
                0x000000f2                __vector_10
                0x000000f2                __vector_18
                0x000000f2                __vector_20
                0x000000f6                . = ALIGN (0x2)
 *(.text.*)
 .text._Z11stateChangev
                0x000000f6       0x1e Sketch.o
                0x000000f6                _Z11stateChangev
 .text._Z5flashv
                0x00000114       0xf4 Sketch.o
                0x00000114                _Z5flashv
 .text.setup    0x00000208       0xbe Sketch.o
                0x00000208                setup
 .text._Z4dispii
                0x000002c6      0x306 Sketch.o
                0x000002c6                _Z4dispii
 .text.loop     0x000005cc       0x90 Sketch.o
                0x000005cc                loop
 .text.initVariant
                0x0000065c        0x2 C:\Users\PASCAL~1\Desktop\MECHAT~1\STOPWA~1\TIMER_~4\TIMER_~1\ARDUIN~1\Debug\libArduinoCore.a(main.o)
                0x0000065c                initVariant
 .text.startup.main
                0x0000065e       0x1e C:\Users\PASCAL~1\Desktop\MECHAT~1\STOPWA~1\TIMER_~4\TIMER_~1\ARDUIN~1\Debug\libArduinoCore.a(main.o)
                0x0000065e                main
 .text.nothing  0x0000067c        0x2 C:\Users\PASCAL~1\Desktop\MECHAT~1\STOPWA~1\TIMER_~4\TIMER_~1\ARDUIN~1\Debug\libArduinoCore.a(WInterrupts.o)
 .text.attachInterrupt
                0x0000067e       0x40 C:\Users\PASCAL~1\Desktop\MECHAT~1\STOPWA~1\TIMER_~4\TIMER_~1\ARDUIN~1\Debug\libArduinoCore.a(WInterrupts.o)
                0x0000067e                attachInterrupt
 .text.__vector_1
                0x000006be       0x4e C:\Users\PASCAL~1\Desktop\MECHAT~1\STOPWA~1\TIMER_~4\TIMER_~1\ARDUIN~1\Debug\libArduinoCore.a(WInterrupts.o)
                0x000006be                __vector_1
 .text.__vector_2
                0x0000070c       0x4e C:\Users\PASCAL~1\Desktop\MECHAT~1\STOPWA~1\TIMER_~4\TIMER_~1\ARDUIN~1\Debug\libArduinoCore.a(WInterrupts.o)
                0x0000070c                __vector_2
 .text.__vector_16
                0x0000075a       0x94 C:\Users\PASCAL~1\Desktop\MECHAT~1\STOPWA~1\TIMER_~4\TIMER_~1\ARDUIN~1\Debug\libArduinoCore.a(wiring.o)
                0x0000075a                __vector_16
 .text.micros   0x000007ee       0x4a C:\Users\PASCAL~1\Desktop\MECHAT~1\STOPWA~1\TIMER_~4\TIMER_~1\ARDUIN~1\Debug\libArduinoCore.a(wiring.o)
                0x000007ee                micros
 .text.delay    0x00000838       0x78 C:\Users\PASCAL~1\Desktop\MECHAT~1\STOPWA~1\TIMER_~4\TIMER_~1\ARDUIN~1\Debug\libArduinoCore.a(wiring.o)
                0x00000838                delay
 .text.init     0x000008b0       0x76 C:\Users\PASCAL~1\Desktop\MECHAT~1\STOPWA~1\TIMER_~4\TIMER_~1\ARDUIN~1\Debug\libArduinoCore.a(wiring.o)
                0x000008b0                init
 .text.turnOffPWM
                0x00000926       0x52 C:\Users\PASCAL~1\Desktop\MECHAT~1\STOPWA~1\TIMER_~4\TIMER_~1\ARDUIN~1\Debug\libArduinoCore.a(wiring_digital.o)
 .text.pinMode  0x00000978       0x78 C:\Users\PASCAL~1\Desktop\MECHAT~1\STOPWA~1\TIMER_~4\TIMER_~1\ARDUIN~1\Debug\libArduinoCore.a(wiring_digital.o)
                0x00000978                pinMode
 .text.digitalWrite
                0x000009f0       0x5e C:\Users\PASCAL~1\Desktop\MECHAT~1\STOPWA~1\TIMER_~4\TIMER_~1\ARDUIN~1\Debug\libArduinoCore.a(wiring_digital.o)
                0x000009f0                digitalWrite
 .text._ZN8MsTimer23setEmPFvvE
                0x00000a4e       0x9c C:\Users\PASCAL~1\Desktop\MECHAT~1\STOPWA~1\TIMER_~4\TIMER_~1\ARDUIN~1\Debug\libArduinoCore.a(MsTimer2.o)
                0x00000a4e                _ZN8MsTimer23setEmPFvvE
 .text._ZN8MsTimer25startEv
                0x00000aea       0x2c C:\Users\PASCAL~1\Desktop\MECHAT~1\STOPWA~1\TIMER_~4\TIMER_~1\ARDUIN~1\Debug\libArduinoCore.a(MsTimer2.o)
                0x00000aea                _ZN8MsTimer25startEv
 .text._ZN8MsTimer29_overflowEv
                0x00000b16       0x7e C:\Users\PASCAL~1\Desktop\MECHAT~1\STOPWA~1\TIMER_~4\TIMER_~1\ARDUIN~1\Debug\libArduinoCore.a(MsTimer2.o)
                0x00000b16                _ZN8MsTimer29_overflowEv
 .text.__vector_9
                0x00000b94       0x54 C:\Users\PASCAL~1\Desktop\MECHAT~1\STOPWA~1\TIMER_~4\TIMER_~1\ARDUIN~1\Debug\libArduinoCore.a(MsTimer2.o)
                0x00000b94                __vector_9
 .text.__empty  0x00000be8        0x2 C:\Users\PASCAL~1\Desktop\MECHAT~1\STOPWA~1\TIMER_~4\TIMER_~1\ARDUIN~1\Debug\libArduinoCore.a(hooks.o)
                0x00000be8                yield
 .text.libgcc.div
                0x00000bea       0x28 c:/program files (x86)/atmel/studio/7.0/toolchain/avr8/avr8-gnu-toolchain/bin/../lib/gcc/avr/5.4.0/avr5\libgcc.a(_divmodhi4.o)
                0x00000bea                _div
                0x00000bea                __divmodhi4
 .text.libgcc.div
                0x00000c12       0x28 c:/program files (x86)/atmel/studio/7.0/toolchain/avr8/avr8-gnu-toolchain/bin/../lib/gcc/avr/5.4.0/avr5\libgcc.a(_udivmodhi4.o)
                0x00000c12                __udivmodhi4
                0x00000c3a                . = ALIGN (0x2)
 *(.fini9)
 .fini9         0x00000c3a        0x0 c:/program files (x86)/atmel/studio/7.0/toolchain/avr8/avr8-gnu-toolchain/bin/../lib/gcc/avr/5.4.0/avr5\libgcc.a(_exit.o)
                0x00000c3a                _exit
                0x00000c3a                exit
 *(.fini9)
 *(.fini8)
 *(.fini8)
 *(.fini7)
 *(.fini7)
 *(.fini6)
 *(.fini6)
 *(.fini5)
 *(.fini5)
 *(.fini4)
 *(.fini4)
 *(.fini3)
 *(.fini3)
 *(.fini2)
 *(.fini2)
 *(.fini1)
 *(.fini1)
 *(.fini0)
 .fini0         0x00000c3a        0x4 c:/program files (x86)/atmel/studio/7.0/toolchain/avr8/avr8-gnu-toolchain/bin/../lib/gcc/avr/5.4.0/avr5\libgcc.a(_exit.o)
 *(.fini0)
                0x00000c3e                _etext = .

.data           0x00800100       0x1e load address 0x00000c3e
                0x00800100                PROVIDE (__data_start, .)
 *(.data)
 *(.data*)
 .data.pbIn     0x00800100        0x2 Sketch.o
                0x00800100                pbIn
 .data.timedelay
                0x00800102        0x2 Sketch.o
                0x00800102                timedelay
 .data.pinD4    0x00800104        0x2 Sketch.o
                0x00800104                pinD4
 .data.pinD3    0x00800106        0x2 Sketch.o
                0x00800106                pinD3
 .data.pinD2    0x00800108        0x2 Sketch.o
                0x00800108                pinD2
 .data.pinD1    0x0080010a        0x2 Sketch.o
                0x0080010a                pinD1
 .data.pinG     0x0080010c        0x2 Sketch.o
                0x0080010c                pinG
 .data.pinF     0x0080010e        0x2 Sketch.o
                0x0080010e                pinF
 .data.pinE     0x00800110        0x2 Sketch.o
                0x00800110                pinE
 .data.pinD     0x00800112        0x2 Sketch.o
                0x00800112                pinD
 .data.pinC     0x00800114        0x2 Sketch.o
                0x00800114                pinC
 .data.pinB     0x00800116        0x2 Sketch.o
                0x00800116                pinB
 .data.pinA     0x00800118        0x2 Sketch.o
                0x00800118                pinA
 .data.intFunc  0x0080011a        0x4 C:\Users\PASCAL~1\Desktop\MECHAT~1\STOPWA~1\TIMER_~4\TIMER_~1\ARDUIN~1\Debug\libArduinoCore.a(WInterrupts.o)
 *(.gnu.linkonce.d*)
 *(.rodata)
 *(.rodata*)
 *(.gnu.linkonce.r*)
                0x0080011e                . = ALIGN (0x2)
                0x0080011e                _edata = .
                0x0080011e                PROVIDE (__data_end, .)

.bss            0x0080011e       0x2d
                0x0080011e                PROVIDE (__bss_start, .)
 *(.bss)
 *(.bss*)
 .bss.state     0x0080011e        0x2 Sketch.o
                0x0080011e                state
 .bss.ones      0x00800120        0x2 Sketch.o
                0x00800120                ones
 .bss.twos      0x00800122        0x2 Sketch.o
                0x00800122                twos
 .bss.tens      0x00800124        0x2 Sketch.o
                0x00800124                tens
 .bss.huns      0x00800126        0x2 Sketch.o
                0x00800126                huns
 .bss.c3        0x00800128        0x1 Sketch.o
                0x00800128                c3
 .bss.c2        0x00800129        0x1 Sketch.o
                0x00800129                c2
 .bss.c1        0x0080012a        0x1 Sketch.o
                0x0080012a                c1
 .bss.l         0x0080012b        0x2 Sketch.o
                0x0080012b                l
 .bss.k         0x0080012d        0x2 Sketch.o
                0x0080012d                k
 .bss.j         0x0080012f        0x2 Sketch.o
                0x0080012f                j
 .bss.i         0x00800131        0x2 Sketch.o
                0x00800131                i
 .bss.pinDecimal
                0x00800133        0x2 Sketch.o
                0x00800133                pinDecimal
 .bss.timer0_fract
                0x00800135        0x1 C:\Users\PASCAL~1\Desktop\MECHAT~1\STOPWA~1\TIMER_~4\TIMER_~1\ARDUIN~1\Debug\libArduinoCore.a(wiring.o)
 .bss.timer0_millis
                0x00800136        0x4 C:\Users\PASCAL~1\Desktop\MECHAT~1\STOPWA~1\TIMER_~4\TIMER_~1\ARDUIN~1\Debug\libArduinoCore.a(wiring.o)
                0x00800136                timer0_millis
 .bss.timer0_overflow_count
                0x0080013a        0x4 C:\Users\PASCAL~1\Desktop\MECHAT~1\STOPWA~1\TIMER_~4\TIMER_~1\ARDUIN~1\Debug\libArduinoCore.a(wiring.o)
                0x0080013a                timer0_overflow_count
 .bss._ZN8MsTimer25tcnt2E
                0x0080013e        0x2 C:\Users\PASCAL~1\Desktop\MECHAT~1\STOPWA~1\TIMER_~4\TIMER_~1\ARDUIN~1\Debug\libArduinoCore.a(MsTimer2.o)
                0x0080013e                _ZN8MsTimer25tcnt2E
 .bss._ZN8MsTimer211overflowingE
                0x00800140        0x1 C:\Users\PASCAL~1\Desktop\MECHAT~1\STOPWA~1\TIMER_~4\TIMER_~1\ARDUIN~1\Debug\libArduinoCore.a(MsTimer2.o)
                0x00800140                _ZN8MsTimer211overflowingE
 .bss._ZN8MsTimer25countE
                0x00800141        0x4 C:\Users\PASCAL~1\Desktop\MECHAT~1\STOPWA~1\TIMER_~4\TIMER_~1\ARDUIN~1\Debug\libArduinoCore.a(MsTimer2.o)
                0x00800141                _ZN8MsTimer25countE
 .bss._ZN8MsTimer24funcE
                0x00800145        0x2 C:\Users\PASCAL~1\Desktop\MECHAT~1\STOPWA~1\TIMER_~4\TIMER_~1\ARDUIN~1\Debug\libArduinoCore.a(MsTimer2.o)
                0x00800145                _ZN8MsTimer24funcE
 .bss._ZN8MsTimer25msecsE
                0x00800147        0x4 C:\Users\PASCAL~1\Desktop\MECHAT~1\STOPWA~1\TIMER_~4\TIMER_~1\ARDUIN~1\Debug\libArduinoCore.a(MsTimer2.o)
                0x00800147                _ZN8MsTimer25msecsE
 *(COMMON)
                0x0080014b                PROVIDE (__bss_end, .)
                0x00000c3e                __data_load_start = LOADADDR (.data)
                0x00000c5c                __data_load_end = (__data_load_start + SIZEOF (.data))

.noinit         0x0080014b        0x0
                [!provide]                PROVIDE (__noinit_start, .)
 *(.noinit*)
                [!provide]                PROVIDE (__noinit_end, .)
                0x0080014b                _end = .
                [!provide]                PROVIDE (__heap_start, .)

.eeprom         0x00810000        0x0
 *(.eeprom*)
                0x00810000                __eeprom_end = .

.fuse
 *(.fuse)
 *(.lfuse)
 *(.hfuse)
 *(.efuse)

.lock
 *(.lock*)

.signature
 *(.signature*)

.user_signatures
 *(.user_signatures*)

.stab
 *(.stab)

.stabstr
 *(.stabstr)

.stab.excl
 *(.stab.excl)

.stab.exclstr
 *(.stab.exclstr)

.stab.index
 *(.stab.index)

.stab.indexstr
 *(.stab.indexstr)

.comment        0x00000000       0x30
 *(.comment)
 .comment       0x00000000       0x30 Sketch.o
                                 0x31 (size before relaxing)
 .comment       0x00000030       0x31 C:\Users\PASCAL~1\Desktop\MECHAT~1\STOPWA~1\TIMER_~4\TIMER_~1\ARDUIN~1\Debug\libArduinoCore.a(main.o)
 .comment       0x00000030       0x31 C:\Users\PASCAL~1\Desktop\MECHAT~1\STOPWA~1\TIMER_~4\TIMER_~1\ARDUIN~1\Debug\libArduinoCore.a(WInterrupts.o)
 .comment       0x00000030       0x31 C:\Users\PASCAL~1\Desktop\MECHAT~1\STOPWA~1\TIMER_~4\TIMER_~1\ARDUIN~1\Debug\libArduinoCore.a(wiring.o)
 .comment       0x00000030       0x31 C:\Users\PASCAL~1\Desktop\MECHAT~1\STOPWA~1\TIMER_~4\TIMER_~1\ARDUIN~1\Debug\libArduinoCore.a(wiring_digital.o)
 .comment       0x00000030       0x31 C:\Users\PASCAL~1\Desktop\MECHAT~1\STOPWA~1\TIMER_~4\TIMER_~1\ARDUIN~1\Debug\libArduinoCore.a(MsTimer2.o)
 .comment       0x00000030       0x31 C:\Users\PASCAL~1\Desktop\MECHAT~1\STOPWA~1\TIMER_~4\TIMER_~1\ARDUIN~1\Debug\libArduinoCore.a(hooks.o)

.note.gnu.avr.deviceinfo
                0x00000000       0x40
 .note.gnu.avr.deviceinfo
                0x00000000       0x40 C:/Program Files (x86)/Atmel/Studio/7.0/Packs/atmel/ATmega_DFP/1.2.209/gcc/dev/atmega328p/avr5/crtatmega328p.o

.note.gnu.build-id
 *(.note.gnu.build-id)

.debug
 *(.debug)

.line
 *(.line)

.debug_srcinfo
 *(.debug_srcinfo)

.debug_sfnames
 *(.debug_sfnames)

.debug_aranges  0x00000000      0x190
 *(.debug_aranges)
 .debug_aranges
                0x00000000       0x40 Sketch.o
 .debug_aranges
                0x00000040       0x30 C:\Users\PASCAL~1\Desktop\MECHAT~1\STOPWA~1\TIMER_~4\TIMER_~1\ARDUIN~1\Debug\libArduinoCore.a(main.o)
 .debug_aranges
                0x00000070       0x40 C:\Users\PASCAL~1\Desktop\MECHAT~1\STOPWA~1\TIMER_~4\TIMER_~1\ARDUIN~1\Debug\libArduinoCore.a(WInterrupts.o)
 .debug_aranges
                0x000000b0       0x48 C:\Users\PASCAL~1\Desktop\MECHAT~1\STOPWA~1\TIMER_~4\TIMER_~1\ARDUIN~1\Debug\libArduinoCore.a(wiring.o)
 .debug_aranges
                0x000000f8       0x38 C:\Users\PASCAL~1\Desktop\MECHAT~1\STOPWA~1\TIMER_~4\TIMER_~1\ARDUIN~1\Debug\libArduinoCore.a(wiring_digital.o)
 .debug_aranges
                0x00000130       0x40 C:\Users\PASCAL~1\Desktop\MECHAT~1\STOPWA~1\TIMER_~4\TIMER_~1\ARDUIN~1\Debug\libArduinoCore.a(MsTimer2.o)
 .debug_aranges
                0x00000170       0x20 C:\Users\PASCAL~1\Desktop\MECHAT~1\STOPWA~1\TIMER_~4\TIMER_~1\ARDUIN~1\Debug\libArduinoCore.a(hooks.o)

.debug_pubnames
 *(.debug_pubnames)

.debug_info     0x00000000     0x1f8f
 *(.debug_info .gnu.linkonce.wi.*)
 .debug_info    0x00000000      0x5f4 C:/Program Files (x86)/Atmel/Studio/7.0/Packs/atmel/ATmega_DFP/1.2.209/gcc/dev/atmega328p/avr5/crtatmega328p.o
 .debug_info    0x000005f4      0xa39 Sketch.o
 .debug_info    0x0000102d      0x237 C:\Users\PASCAL~1\Desktop\MECHAT~1\STOPWA~1\TIMER_~4\TIMER_~1\ARDUIN~1\Debug\libArduinoCore.a(main.o)
 .debug_info    0x00001264      0x21c C:\Users\PASCAL~1\Desktop\MECHAT~1\STOPWA~1\TIMER_~4\TIMER_~1\ARDUIN~1\Debug\libArduinoCore.a(WInterrupts.o)
 .debug_info    0x00001480      0x2cb C:\Users\PASCAL~1\Desktop\MECHAT~1\STOPWA~1\TIMER_~4\TIMER_~1\ARDUIN~1\Debug\libArduinoCore.a(wiring.o)
 .debug_info    0x0000174b      0x5fe C:\Users\PASCAL~1\Desktop\MECHAT~1\STOPWA~1\TIMER_~4\TIMER_~1\ARDUIN~1\Debug\libArduinoCore.a(wiring_digital.o)
 .debug_info    0x00001d49      0x208 C:\Users\PASCAL~1\Desktop\MECHAT~1\STOPWA~1\TIMER_~4\TIMER_~1\ARDUIN~1\Debug\libArduinoCore.a(MsTimer2.o)
 .debug_info    0x00001f51       0x3e C:\Users\PASCAL~1\Desktop\MECHAT~1\STOPWA~1\TIMER_~4\TIMER_~1\ARDUIN~1\Debug\libArduinoCore.a(hooks.o)

.debug_abbrev   0x00000000      0xd5c
 *(.debug_abbrev)
 .debug_abbrev  0x00000000      0x5a2 C:/Program Files (x86)/Atmel/Studio/7.0/Packs/atmel/ATmega_DFP/1.2.209/gcc/dev/atmega328p/avr5/crtatmega328p.o
 .debug_abbrev  0x000005a2      0x1a0 Sketch.o
 .debug_abbrev  0x00000742      0x12d C:\Users\PASCAL~1\Desktop\MECHAT~1\STOPWA~1\TIMER_~4\TIMER_~1\ARDUIN~1\Debug\libArduinoCore.a(main.o)
 .debug_abbrev  0x0000086f       0xfc C:\Users\PASCAL~1\Desktop\MECHAT~1\STOPWA~1\TIMER_~4\TIMER_~1\ARDUIN~1\Debug\libArduinoCore.a(WInterrupts.o)
 .debug_abbrev  0x0000096b      0x146 C:\Users\PASCAL~1\Desktop\MECHAT~1\STOPWA~1\TIMER_~4\TIMER_~1\ARDUIN~1\Debug\libArduinoCore.a(wiring.o)
 .debug_abbrev  0x00000ab1      0x15b C:\Users\PASCAL~1\Desktop\MECHAT~1\STOPWA~1\TIMER_~4\TIMER_~1\ARDUIN~1\Debug\libArduinoCore.a(wiring_digital.o)
 .debug_abbrev  0x00000c0c      0x126 C:\Users\PASCAL~1\Desktop\MECHAT~1\STOPWA~1\TIMER_~4\TIMER_~1\ARDUIN~1\Debug\libArduinoCore.a(MsTimer2.o)
 .debug_abbrev  0x00000d32       0x2a C:\Users\PASCAL~1\Desktop\MECHAT~1\STOPWA~1\TIMER_~4\TIMER_~1\ARDUIN~1\Debug\libArduinoCore.a(hooks.o)

.debug_line     0x00000000     0x1135
 *(.debug_line .debug_line.* .debug_line_end)
 .debug_line    0x00000000      0x133 C:/Program Files (x86)/Atmel/Studio/7.0/Packs/atmel/ATmega_DFP/1.2.209/gcc/dev/atmega328p/avr5/crtatmega328p.o
 .debug_line    0x00000133      0x4cb Sketch.o
 .debug_line    0x000005fe      0x1ca C:\Users\PASCAL~1\Desktop\MECHAT~1\STOPWA~1\TIMER_~4\TIMER_~1\ARDUIN~1\Debug\libArduinoCore.a(main.o)
 .debug_line    0x000007c8      0x205 C:\Users\PASCAL~1\Desktop\MECHAT~1\STOPWA~1\TIMER_~4\TIMER_~1\ARDUIN~1\Debug\libArduinoCore.a(WInterrupts.o)
 .debug_line    0x000009cd      0x2fe C:\Users\PASCAL~1\Desktop\MECHAT~1\STOPWA~1\TIMER_~4\TIMER_~1\ARDUIN~1\Debug\libArduinoCore.a(wiring.o)
 .debug_line    0x00000ccb      0x28f C:\Users\PASCAL~1\Desktop\MECHAT~1\STOPWA~1\TIMER_~4\TIMER_~1\ARDUIN~1\Debug\libArduinoCore.a(wiring_digital.o)
 .debug_line    0x00000f5a      0x19a C:\Users\PASCAL~1\Desktop\MECHAT~1\STOPWA~1\TIMER_~4\TIMER_~1\ARDUIN~1\Debug\libArduinoCore.a(MsTimer2.o)
 .debug_line    0x000010f4       0x41 C:\Users\PASCAL~1\Desktop\MECHAT~1\STOPWA~1\TIMER_~4\TIMER_~1\ARDUIN~1\Debug\libArduinoCore.a(hooks.o)

.debug_frame    0x00000000      0x3d4
 *(.debug_frame)
 .debug_frame   0x00000000       0x70 Sketch.o
 .debug_frame   0x00000070       0x54 C:\Users\PASCAL~1\Desktop\MECHAT~1\STOPWA~1\TIMER_~4\TIMER_~1\ARDUIN~1\Debug\libArduinoCore.a(main.o)
 .debug_frame   0x000000c4       0xf4 C:\Users\PASCAL~1\Desktop\MECHAT~1\STOPWA~1\TIMER_~4\TIMER_~1\ARDUIN~1\Debug\libArduinoCore.a(WInterrupts.o)
 .debug_frame   0x000001b8       0xc4 C:\Users\PASCAL~1\Desktop\MECHAT~1\STOPWA~1\TIMER_~4\TIMER_~1\ARDUIN~1\Debug\libArduinoCore.a(wiring.o)
 .debug_frame   0x0000027c       0x7c C:\Users\PASCAL~1\Desktop\MECHAT~1\STOPWA~1\TIMER_~4\TIMER_~1\ARDUIN~1\Debug\libArduinoCore.a(wiring_digital.o)
 .debug_frame   0x000002f8       0xb8 C:\Users\PASCAL~1\Desktop\MECHAT~1\STOPWA~1\TIMER_~4\TIMER_~1\ARDUIN~1\Debug\libArduinoCore.a(MsTimer2.o)
 .debug_frame   0x000003b0       0x24 C:\Users\PASCAL~1\Desktop\MECHAT~1\STOPWA~1\TIMER_~4\TIMER_~1\ARDUIN~1\Debug\libArduinoCore.a(hooks.o)

.debug_str      0x00000000      0x9e0
 *(.debug_str)
 .debug_str     0x00000000      0x208 C:/Program Files (x86)/Atmel/Studio/7.0/Packs/atmel/ATmega_DFP/1.2.209/gcc/dev/atmega328p/avr5/crtatmega328p.o
 .debug_str     0x00000208      0x309 Sketch.o
                                0x34f (size before relaxing)
 .debug_str     0x00000511       0xc5 C:\Users\PASCAL~1\Desktop\MECHAT~1\STOPWA~1\TIMER_~4\TIMER_~1\ARDUIN~1\Debug\libArduinoCore.a(main.o)
                                0x2c5 (size before relaxing)
 .debug_str     0x000005d6      0x154 C:\Users\PASCAL~1\Desktop\MECHAT~1\STOPWA~1\TIMER_~4\TIMER_~1\ARDUIN~1\Debug\libArduinoCore.a(WInterrupts.o)
                                0x248 (size before relaxing)
 .debug_str     0x0000072a       0x91 C:\Users\PASCAL~1\Desktop\MECHAT~1\STOPWA~1\TIMER_~4\TIMER_~1\ARDUIN~1\Debug\libArduinoCore.a(wiring.o)
                                0x25b (size before relaxing)
 .debug_str     0x000007bb       0xd4 C:\Users\PASCAL~1\Desktop\MECHAT~1\STOPWA~1\TIMER_~4\TIMER_~1\ARDUIN~1\Debug\libArduinoCore.a(wiring_digital.o)
                                0x2c0 (size before relaxing)
 .debug_str     0x0000088f      0x135 C:\Users\PASCAL~1\Desktop\MECHAT~1\STOPWA~1\TIMER_~4\TIMER_~1\ARDUIN~1\Debug\libArduinoCore.a(MsTimer2.o)
                                0x31c (size before relaxing)
 .debug_str     0x000009c4       0x1c C:\Users\PASCAL~1\Desktop\MECHAT~1\STOPWA~1\TIMER_~4\TIMER_~1\ARDUIN~1\Debug\libArduinoCore.a(hooks.o)
                                0x150 (size before relaxing)

.debug_loc      0x00000000      0xd6f
 *(.debug_loc)
 .debug_loc     0x00000000      0x145 Sketch.o
 .debug_loc     0x00000145      0x235 C:\Users\PASCAL~1\Desktop\MECHAT~1\STOPWA~1\TIMER_~4\TIMER_~1\ARDUIN~1\Debug\libArduinoCore.a(WInterrupts.o)
 .debug_loc     0x0000037a      0x28d C:\Users\PASCAL~1\Desktop\MECHAT~1\STOPWA~1\TIMER_~4\TIMER_~1\ARDUIN~1\Debug\libArduinoCore.a(wiring.o)
 .debug_loc     0x00000607      0x5fc C:\Users\PASCAL~1\Desktop\MECHAT~1\STOPWA~1\TIMER_~4\TIMER_~1\ARDUIN~1\Debug\libArduinoCore.a(wiring_digital.o)
 .debug_loc     0x00000c03      0x16c C:\Users\PASCAL~1\Desktop\MECHAT~1\STOPWA~1\TIMER_~4\TIMER_~1\ARDUIN~1\Debug\libArduinoCore.a(MsTimer2.o)

.debug_macinfo
 *(.debug_macinfo)

.debug_weaknames
 *(.debug_weaknames)

.debug_funcnames
 *(.debug_funcnames)

.debug_typenames
 *(.debug_typenames)

.debug_varnames
 *(.debug_varnames)

.debug_pubtypes
 *(.debug_pubtypes)

.debug_ranges   0x00000000      0x120
 *(.debug_ranges)
 .debug_ranges  0x00000000       0x30 Sketch.o
 .debug_ranges  0x00000030       0x20 C:\Users\PASCAL~1\Desktop\MECHAT~1\STOPWA~1\TIMER_~4\TIMER_~1\ARDUIN~1\Debug\libArduinoCore.a(main.o)
 .debug_ranges  0x00000050       0x30 C:\Users\PASCAL~1\Desktop\MECHAT~1\STOPWA~1\TIMER_~4\TIMER_~1\ARDUIN~1\Debug\libArduinoCore.a(WInterrupts.o)
 .debug_ranges  0x00000080       0x38 C:\Users\PASCAL~1\Desktop\MECHAT~1\STOPWA~1\TIMER_~4\TIMER_~1\ARDUIN~1\Debug\libArduinoCore.a(wiring.o)
 .debug_ranges  0x000000b8       0x28 C:\Users\PASCAL~1\Desktop\MECHAT~1\STOPWA~1\TIMER_~4\TIMER_~1\ARDUIN~1\Debug\libArduinoCore.a(wiring_digital.o)
 .debug_ranges  0x000000e0       0x30 C:\Users\PASCAL~1\Desktop\MECHAT~1\STOPWA~1\TIMER_~4\TIMER_~1\ARDUIN~1\Debug\libArduinoCore.a(MsTimer2.o)
 .debug_ranges  0x00000110       0x10 C:\Users\PASCAL~1\Desktop\MECHAT~1\STOPWA~1\TIMER_~4\TIMER_~1\ARDUIN~1\Debug\libArduinoCore.a(hooks.o)

.debug_macro
 *(.debug_macro)
OUTPUT(MS_timer.elf elf32-avr)
LOAD linker stubs
